RLSTM8 LINKER/LOCATOR V2.44.12.199

INVOKED BY:
C:\Raisonance\Ride\bin\rlstm8.exe -P 
DEBUG\STM8S_ADC2.O,DEBUG\STM8S_UART3.O,DEBUG\STM8S_TIM4.O,DEBUG\STM8S_SPI.O,DEBUG\STM8S_GPIO.O,DEBUG\STM8S_EXTI.O,DEBUG\STM8S_CLK.O,DEBUG\STM8S_CAN.O,DEBUG\MAIN.O,DEBUG\LIN.O,DEBUG\L99PM62DRV.O,DEBUG\APPLI.O,DEBUG\STM8S_IT.O 
TO(DEBUG\STM8AF_LIN_MASTER.AOF) LIBPATH(C:\RAISONANCE\RIDE\LIB\ST7) DEBUGLINES 
DEBUGPUBLICS DEBUGSYMBOLS PR(DEBUG\STM8AF_LIN_MASTER.MAP) DATASTART(0X0) 
RAMSIZE(0X1800) CODESTART(0X8000) CODESIZE(0X10000) STACKTOP(0X1800) 
STACKSIZE(0X400) EEPROMSTART(0X4000) EEPROMSIZE(0X800) 
 WITHOUT ANY FLOATING POINT ARITHMETIC


INPUT MODULES INCLUDED
  DEBUG\STM8S_ADC2.O(STM8S_ADC2)
  DEBUG\STM8S_UART3.O(STM8S_UART3)
  DEBUG\STM8S_TIM4.O(STM8S_TIM4)
  DEBUG\STM8S_SPI.O(STM8S_SPI)
  DEBUG\STM8S_GPIO.O(STM8S_GPIO)
  DEBUG\STM8S_EXTI.O(STM8S_EXTI)
  DEBUG\STM8S_CLK.O(STM8S_CLK)
  DEBUG\STM8S_CAN.O(STM8S_CAN)
  DEBUG\MAIN.O(MAIN)
  DEBUG\LIN.O(LIN)
  DEBUG\L99PM62DRV.O(L99PM62DRV)
  DEBUG\APPLI.O(APPLI)
  DEBUG\STM8S_IT.O(STM8S_IT)
  C:\RAISONANCE\RIDE\LIB\ST7\RCSTM8.LIB(CHARTOINT)
  C:\RAISONANCE\RIDE\LIB\ST7\RCSTM8.LIB(CHARTOL)
  C:\RAISONANCE\RIDE\LIB\ST7\RCSTM8.LIB(INTTOL)
  C:\RAISONANCE\RIDE\LIB\ST7\RCSTM8.LIB(ACCIX328)
  C:\RAISONANCE\RIDE\LIB\ST7\RCSTM8.LIB(AND3232)
  C:\RAISONANCE\RIDE\LIB\ST7\RCSTM8.LIB(DIVU3232)
  C:\RAISONANCE\RIDE\LIB\ST7\RCSTM8.LIB(MULUIX32)
  C:\RAISONANCE\RIDE\LIB\ST7\RCSTM8.LIB(IX32)
  C:\RAISONANCE\RIDE\LIB\ST7\RCSTM8.LIB(MULU3232)
  C:\RAISONANCE\RIDE\LIB\ST7\RCSTM8.LIB(MV4_BC2ISA)
  C:\RAISONANCE\RIDE\LIB\ST7\RCSTM8.LIB(MV4_BC2IX)
  C:\RAISONANCE\RIDE\LIB\ST7\RCSTM8.LIB(MV4_BC2SK)
  C:\RAISONANCE\RIDE\LIB\ST7\RCSTM8.LIB(MV4_ISA2BC)
  C:\RAISONANCE\RIDE\LIB\ST7\RCSTM8.LIB(MV4_IX2BC)
  C:\RAISONANCE\RIDE\LIB\ST7\RCSTM8.LIB(MV4_NULL2BC)
  C:\RAISONANCE\RIDE\LIB\ST7\RCSTM8.LIB(MV4_PG2BC)
  C:\RAISONANCE\RIDE\LIB\ST7\RCSTM8.LIB(MV4_PG2SK1)
  C:\RAISONANCE\RIDE\LIB\ST7\RCSTM8.LIB(OR3232)
  C:\RAISONANCE\RIDE\LIB\ST7\RCSTM8.LIB(SLL168)
  C:\RAISONANCE\RIDE\LIB\ST7\RCSTM8.LIB(SLL328)
  C:\RAISONANCE\RIDE\LIB\ST7\RCSTM8.LIB(SUB3232)
  C:\RAISONANCE\RIDE\LIB\ST7\RCSTM8.LIB(SRL328)
  C:\RAISONANCE\RIDE\LIB\ST7\RCSTM8.LIB(CPU3232IX)
  C:\RAISONANCE\RIDE\LIB\ST7\RCSTM8.LIB(REGISTERS)
  C:\RAISONANCE\RIDE\LIB\ST7\RCSTM8.LIB(STARTUP_V_Z)
  C:\RAISONANCE\RIDE\LIB\ST7\RCSTM8.LIB(MULUDIVU3232)
  C:\RAISONANCE\RIDE\LIB\ST7\RCSTM8.LIB(?STATINIT)

UNCALLED SEGMENTS (use option rmun to remove them):
---------------------------------------------------
    ?PR??ADC2_CLEARFLAG?STM8S_ADC2: Function ?ADC2_CLEARFLAG in file DEBUG\STM8S_ADC2.O was not called
    ?PR??ADC2_CLEARITPENDINGBIT?STM8S_ADC2: Function ?ADC2_CLEARITPENDINGBIT in file DEBUG\STM8S_ADC2.O was not called
    ?PR??ADC2_CMD?STM8S_ADC2: Function ?ADC2_CMD in file DEBUG\STM8S_ADC2.O was not called
    ?PR??ADC2_CONVERSIONCONFIG?STM8S_ADC2: Function ?ADC2_CONVERSIONCONFIG in file DEBUG\STM8S_ADC2.O was not called
    ?PR??ADC2_DEINIT?STM8S_ADC2: Function ?ADC2_DEINIT in file DEBUG\STM8S_ADC2.O was not called
    ?PR??ADC2_EXTERNALTRIGGERCONFIG?STM8S_ADC2: Function ?ADC2_EXTERNALTRIGGERCONFIG in file DEBUG\STM8S_ADC2.O was not called
    ?PR??ADC2_GETCONVERSIONVALUE?STM8S_ADC2: Function ?ADC2_GETCONVERSIONVALUE in file DEBUG\STM8S_ADC2.O was not called
    ?PR??ADC2_GETFLAGSTATUS?STM8S_ADC2: Function ?ADC2_GETFLAGSTATUS in file DEBUG\STM8S_ADC2.O was not called
    ?PR??ADC2_GETITSTATUS?STM8S_ADC2: Function ?ADC2_GETITSTATUS in file DEBUG\STM8S_ADC2.O was not called
    ?PR??ADC2_INIT?STM8S_ADC2: Function ?ADC2_INIT in file DEBUG\STM8S_ADC2.O was not called
    ?PR??ADC2_ITCONFIG?STM8S_ADC2: Function ?ADC2_ITCONFIG in file DEBUG\STM8S_ADC2.O was not called
    ?PR??ADC2_PRESCALERCONFIG?STM8S_ADC2: Function ?ADC2_PRESCALERCONFIG in file DEBUG\STM8S_ADC2.O was not called
    ?PR??ADC2_SCHMITTTRIGGERCONFIG?STM8S_ADC2: Function ?ADC2_SCHMITTTRIGGERCONFIG in file DEBUG\STM8S_ADC2.O was not called
    ?PR??ADC2_STARTCONVERSION?STM8S_ADC2: Function ?ADC2_STARTCONVERSION in file DEBUG\STM8S_ADC2.O was not called
    ?PR??CAN_CANCELTRANSMIT?STM8S_CAN: Function ?CAN_CANCELTRANSMIT in file DEBUG\STM8S_CAN.O was not called
    ?PR??CAN_CLEARFLAG?STM8S_CAN: Function ?CAN_CLEARFLAG in file DEBUG\STM8S_CAN.O was not called
    ?PR??CAN_CLEARITPENDINGBIT?STM8S_CAN: Function ?CAN_CLEARITPENDINGBIT in file DEBUG\STM8S_CAN.O was not called
    ?PR??CAN_DEINIT?STM8S_CAN: Function ?CAN_DEINIT in file DEBUG\STM8S_CAN.O was not called
    ?PR??CAN_FIFORELEASE?STM8S_CAN: Function ?CAN_FIFORELEASE in file DEBUG\STM8S_CAN.O was not called
    ?PR??CAN_FILTERINIT?STM8S_CAN: Function ?CAN_FILTERINIT in file DEBUG\STM8S_CAN.O was not called
    ?PR??CAN_GETFLAGSTATUS?STM8S_CAN: Function ?CAN_GETFLAGSTATUS in file DEBUG\STM8S_CAN.O was not called
    ?PR??CAN_GETITSTATUS?STM8S_CAN: Function ?CAN_GETITSTATUS in file DEBUG\STM8S_CAN.O was not called
    ?PR??CAN_GETLASTERRORCODE?STM8S_CAN: Function ?CAN_GETLASTERRORCODE in file DEBUG\STM8S_CAN.O was not called
    ?PR??CAN_GETMESSAGETIMESTAMP?STM8S_CAN: Function ?CAN_GETMESSAGETIMESTAMP in file DEBUG\STM8S_CAN.O was not called
    ?PR??CAN_GETRECEIVEDDATA?STM8S_CAN: Function ?CAN_GETRECEIVEDDATA in file DEBUG\STM8S_CAN.O was not called
    ?PR??CAN_GETRECEIVEDDLC?STM8S_CAN: Function ?CAN_GETRECEIVEDDLC in file DEBUG\STM8S_CAN.O was not called
    ?PR??CAN_GETRECEIVEDFMI?STM8S_CAN: Function ?CAN_GETRECEIVEDFMI in file DEBUG\STM8S_CAN.O was not called
    ?PR??CAN_GETRECEIVEDID?STM8S_CAN: Function ?CAN_GETRECEIVEDID in file DEBUG\STM8S_CAN.O was not called
    ?PR??CAN_GETRECEIVEDIDE?STM8S_CAN: Function ?CAN_GETRECEIVEDIDE in file DEBUG\STM8S_CAN.O was not called
    ?PR??CAN_GETRECEIVEDRTR?STM8S_CAN: Function ?CAN_GETRECEIVEDRTR in file DEBUG\STM8S_CAN.O was not called
    ?PR??CAN_GETSELECTEDPAGE?STM8S_CAN: Function ?CAN_GETSELECTEDPAGE in file DEBUG\STM8S_CAN.O was not called
    ?PR??CAN_INIT?STM8S_CAN: Function ?CAN_INIT in file DEBUG\STM8S_CAN.O was not called
    ?PR??CAN_ITCONFIG?STM8S_CAN: Function ?CAN_ITCONFIG in file DEBUG\STM8S_CAN.O was not called
    ?PR??CAN_MESSAGEPENDING?STM8S_CAN: Function ?CAN_MESSAGEPENDING in file DEBUG\STM8S_CAN.O was not called
    ?PR??CAN_OPERATINGMODEREQUEST?STM8S_CAN: Function ?CAN_OPERATINGMODEREQUEST in file DEBUG\STM8S_CAN.O was not called
    ?PR??CAN_RECEIVE?STM8S_CAN: Function ?CAN_RECEIVE in file DEBUG\STM8S_CAN.O was not called
    ?PR??CAN_SELECTPAGE?STM8S_CAN: Function ?CAN_SELECTPAGE in file DEBUG\STM8S_CAN.O was not called
    ?PR??CAN_SLEEP?STM8S_CAN: Function ?CAN_SLEEP in file DEBUG\STM8S_CAN.O was not called
    ?PR??CAN_ST7COMPATIBILITYCMD?STM8S_CAN: Function ?CAN_ST7COMPATIBILITYCMD in file DEBUG\STM8S_CAN.O was not called
    ?PR??CAN_TRANSMIT?STM8S_CAN: Function ?CAN_TRANSMIT in file DEBUG\STM8S_CAN.O was not called
    ?PR??CAN_TRANSMITSTATUS?STM8S_CAN: Function ?CAN_TRANSMITSTATUS in file DEBUG\STM8S_CAN.O was not called
    ?PR??CAN_TTCOMMODECMD?STM8S_CAN: Function ?CAN_TTCOMMODECMD in file DEBUG\STM8S_CAN.O was not called
    ?PR??CAN_WAKEUP?STM8S_CAN: Function ?CAN_WAKEUP in file DEBUG\STM8S_CAN.O was not called
    ?PR??CHECKITSTATUS?STM8S_CAN?S?STM8S_CAN: Function ?CHECKITSTATUS in file DEBUG\STM8S_CAN.O was not called
    ?PR??CLK_ADJUSTHSICALIBRATIONVALUE?STM8S_CLK: Function ?CLK_ADJUSTHSICALIBRATIONVALUE in file DEBUG\STM8S_CLK.O was not called
    ?PR??CLK_CCOCMD?STM8S_CLK: Function ?CLK_CCOCMD in file DEBUG\STM8S_CLK.O was not called
    ?PR??CLK_CCOCONFIG?STM8S_CLK: Function ?CLK_CCOCONFIG in file DEBUG\STM8S_CLK.O was not called
    ?PR??CLK_CLEARITPENDINGBIT?STM8S_CLK: Function ?CLK_CLEARITPENDINGBIT in file DEBUG\STM8S_CLK.O was not called
    ?PR??CLK_CLOCKSECURITYSYSTEMENABLE?STM8S_CLK: Function ?CLK_CLOCKSECURITYSYSTEMENABLE in file DEBUG\STM8S_CLK.O was not called
    ?PR??CLK_CLOCKSWITCHCMD?STM8S_CLK: Function ?CLK_CLOCKSWITCHCMD in file DEBUG\STM8S_CLK.O was not called
    ?PR??CLK_DEINIT?STM8S_CLK: Function ?CLK_DEINIT in file DEBUG\STM8S_CLK.O was not called
    ?PR??CLK_FASTHALTWAKEUPCMD?STM8S_CLK: Function ?CLK_FASTHALTWAKEUPCMD in file DEBUG\STM8S_CLK.O was not called
    ?PR??CLK_GETFLAGSTATUS?STM8S_CLK: Function ?CLK_GETFLAGSTATUS in file DEBUG\STM8S_CLK.O was not called
    ?PR??CLK_GETITSTATUS?STM8S_CLK: Function ?CLK_GETITSTATUS in file DEBUG\STM8S_CLK.O was not called
    ?PR??CLK_GETSYSCLKSOURCE?STM8S_CLK: Function ?CLK_GETSYSCLKSOURCE in file DEBUG\STM8S_CLK.O was not called
    ?PR??CLK_HSECMD?STM8S_CLK: Function ?CLK_HSECMD in file DEBUG\STM8S_CLK.O was not called
    ?PR??CLK_HSICMD?STM8S_CLK: Function ?CLK_HSICMD in file DEBUG\STM8S_CLK.O was not called
    ?PR??CLK_ITCONFIG?STM8S_CLK: Function ?CLK_ITCONFIG in file DEBUG\STM8S_CLK.O was not called
    ?PR??CLK_LSICMD?STM8S_CLK: Function ?CLK_LSICMD in file DEBUG\STM8S_CLK.O was not called
    ?PR??CLK_PERIPHERALCLOCKCONFIG?STM8S_CLK: Function ?CLK_PERIPHERALCLOCKCONFIG in file DEBUG\STM8S_CLK.O was not called
    ?PR??CLK_SLOWACTIVEHALTWAKEUPCMD?STM8S_CLK: Function ?CLK_SLOWACTIVEHALTWAKEUPCMD in file DEBUG\STM8S_CLK.O was not called
    ?PR??CLK_SWIMCONFIG?STM8S_CLK: Function ?CLK_SWIMCONFIG in file DEBUG\STM8S_CLK.O was not called
    ?PR??CLK_SYSCLKCONFIG?STM8S_CLK: Function ?CLK_SYSCLKCONFIG in file DEBUG\STM8S_CLK.O was not called
    ?PR??CLK_SYSCLKEMERGENCYCLEAR?STM8S_CLK: Function ?CLK_SYSCLKEMERGENCYCLEAR in file DEBUG\STM8S_CLK.O was not called
    ?PR??EXTI_DEINIT?STM8S_EXTI: Function ?EXTI_DEINIT in file DEBUG\STM8S_EXTI.O was not called
    ?PR??EXTI_GETEXTINTSENSITIVITY?STM8S_EXTI: Function ?EXTI_GETEXTINTSENSITIVITY in file DEBUG\STM8S_EXTI.O was not called
    ?PR??EXTI_GETTLISENSITIVITY?STM8S_EXTI: Function ?EXTI_GETTLISENSITIVITY in file DEBUG\STM8S_EXTI.O was not called
    ?PR??EXTI_SETTLISENSITIVITY?STM8S_EXTI: Function ?EXTI_SETTLISENSITIVITY in file DEBUG\STM8S_EXTI.O was not called
    ?PR??GPIO_DEINIT?STM8S_GPIO: Function ?GPIO_DEINIT in file DEBUG\STM8S_GPIO.O was not called
    ?PR??GPIO_EXTERNALPULLUPCONFIG?STM8S_GPIO: Function ?GPIO_EXTERNALPULLUPCONFIG in file DEBUG\STM8S_GPIO.O was not called
    ?PR??GPIO_READINPUTDATA?STM8S_GPIO: Function ?GPIO_READINPUTDATA in file DEBUG\STM8S_GPIO.O was not called
    ?PR??GPIO_READOUTPUTDATA?STM8S_GPIO: Function ?GPIO_READOUTPUTDATA in file DEBUG\STM8S_GPIO.O was not called
    ?PR??GPIO_WRITE?STM8S_GPIO: Function ?GPIO_WRITE in file DEBUG\STM8S_GPIO.O was not called
    ?PR??GPIO_WRITEREVERSE?STM8S_GPIO: Function ?GPIO_WRITEREVERSE in file DEBUG\STM8S_GPIO.O was not called
    ?PR??L99PM62DRV_ENABLEBUSWAKEUP?L99PM62DRV: Function ?L99PM62DRV_ENABLEBUSWAKEUP in file DEBUG\L99PM62DRV.O was not called
    ?PR??L99PM62DRV_ENABLEWAKEUPSOURCE?L99PM62DRV: Function ?L99PM62DRV_ENABLEWAKEUPSOURCE in file DEBUG\L99PM62DRV.O was not called
    ?PR??L99PM62DRV_GETCONTROL?L99PM62DRV: Function ?L99PM62DRV_GETCONTROL in file DEBUG\L99PM62DRV.O was not called
    ?PR??L99PM62DRV_GETGLOBALSTATUSREGISTER?L99PM62DRV: Function ?L99PM62DRV_GETGLOBALSTATUSREGISTER in file DEBUG\L99PM62DRV.O was not called
    ?PR??L99PM62DRV_LINSETUP?L99PM62DRV: Function ?L99PM62DRV_LINSETUP in file DEBUG\L99PM62DRV.O was not called
    ?PR??L99PM62DRV_READCLEARSTATUS?L99PM62DRV: Function ?L99PM62DRV_READCLEARSTATUS in file DEBUG\L99PM62DRV.O was not called
    ?PR??L99PM62DRV_READCONTROL?L99PM62DRV: Function ?L99PM62DRV_READCONTROL in file DEBUG\L99PM62DRV.O was not called
    ?PR??L99PM62DRV_READSTATUS?L99PM62DRV: Function ?L99PM62DRV_READSTATUS in file DEBUG\L99PM62DRV.O was not called
    ?PR??L99PM62DRV_SETCANLOOPBACKMODE?L99PM62DRV: Function ?L99PM62DRV_SETCANLOOPBACKMODE in file DEBUG\L99PM62DRV.O was not called
    ?PR??L99PM62DRV_SETCANPATTERNWAKEUP?L99PM62DRV: Function ?L99PM62DRV_SETCANPATTERNWAKEUP in file DEBUG\L99PM62DRV.O was not called
    ?PR??L99PM62DRV_SETCANSTANDBYMODE?L99PM62DRV: Function ?L99PM62DRV_SETCANSTANDBYMODE in file DEBUG\L99PM62DRV.O was not called
    ?PR??L99PM62DRV_SETCYCLICWAKEUP?L99PM62DRV: Function ?L99PM62DRV_SETCYCLICWAKEUP in file DEBUG\L99PM62DRV.O was not called
    ?PR??L99PM62DRV_SETINPUTFILTERMODE?L99PM62DRV: Function ?L99PM62DRV_SETINPUTFILTERMODE in file DEBUG\L99PM62DRV.O was not called
    ?PR??L99PM62DRV_SETOUT1MODE?L99PM62DRV: Function ?L99PM62DRV_SETOUT1MODE in file DEBUG\L99PM62DRV.O was not called
    ?PR??L99PM62DRV_SETOUT2MODE?L99PM62DRV: Function ?L99PM62DRV_SETOUT2MODE in file DEBUG\L99PM62DRV.O was not called
    ?PR??L99PM62DRV_SETOUT3MODE?L99PM62DRV: Function ?L99PM62DRV_SETOUT3MODE in file DEBUG\L99PM62DRV.O was not called
    ?PR??L99PM62DRV_SETOUT4MODE?L99PM62DRV: Function ?L99PM62DRV_SETOUT4MODE in file DEBUG\L99PM62DRV.O was not called
    ?PR??L99PM62DRV_SETOUTHSAUTORECOVERY?L99PM62DRV: Function ?L99PM62DRV_SETOUTHSAUTORECOVERY in file DEBUG\L99PM62DRV.O was not called
    ?PR??L99PM62DRV_SETOUTHSMODE?L99PM62DRV: Function ?L99PM62DRV_SETOUTHSMODE in file DEBUG\L99PM62DRV.O was not called
    ?PR??L99PM62DRV_SETPWMDUTYCYCLE?L99PM62DRV: Function ?L99PM62DRV_SETPWMDUTYCYCLE in file DEBUG\L99PM62DRV.O was not called
    ?PR??L99PM62DRV_SETPWMFREQU?L99PM62DRV: Function ?L99PM62DRV_SETPWMFREQU in file DEBUG\L99PM62DRV.O was not called
    ?PR??L99PM62DRV_SETRELAYOUTPUT?L99PM62DRV: Function ?L99PM62DRV_SETRELAYOUTPUT in file DEBUG\L99PM62DRV.O was not called
    ?PR??L99PM62DRV_SETRELAYSHUTDOWNMODE?L99PM62DRV: Function ?L99PM62DRV_SETRELAYSHUTDOWNMODE in file DEBUG\L99PM62DRV.O was not called
    ?PR??L99PM62DRV_SETRESETTHRESHOLDLEVEL?L99PM62DRV: Function ?L99PM62DRV_SETRESETTHRESHOLDLEVEL in file DEBUG\L99PM62DRV.O was not called
    ?PR??L99PM62DRV_SETSTANDBYMODE?L99PM62DRV: Function ?L99PM62DRV_SETSTANDBYMODE in file DEBUG\L99PM62DRV.O was not called
    ?PR??L99PM62DRV_SETTIMER1?L99PM62DRV: Function ?L99PM62DRV_SETTIMER1 in file DEBUG\L99PM62DRV.O was not called
    ?PR??L99PM62DRV_SETTIMER2?L99PM62DRV: Function ?L99PM62DRV_SETTIMER2 in file DEBUG\L99PM62DRV.O was not called
    ?PR??L99PM62DRV_SETVOLTAGEREG2MODE?L99PM62DRV: Function ?L99PM62DRV_SETVOLTAGEREG2MODE in file DEBUG\L99PM62DRV.O was not called
    ?PR??L99PM62DRV_SETVREG1CURRENTMONITORMODE?L99PM62DRV: Function ?L99PM62DRV_SETVREG1CURRENTMONITORMODE in file DEBUG\L99PM62DRV.O was not called
    ?PR??L99PM62DRV_SETVSLOCKOUTMODE?L99PM62DRV: Function ?L99PM62DRV_SETVSLOCKOUTMODE in file DEBUG\L99PM62DRV.O was not called
    ?PR??L99PM62DRV_SETWDTIMING?L99PM62DRV: Function ?L99PM62DRV_SETWDTIMING in file DEBUG\L99PM62DRV.O was not called
    ?PR??L99PM62DRV_SETWUINPUTMODE?L99PM62DRV: Function ?L99PM62DRV_SETWUINPUTMODE in file DEBUG\L99PM62DRV.O was not called
    ?PR??L99PM62DRV_WRITECONTROL?L99PM62DRV: Function ?L99PM62DRV_WRITECONTROL in file DEBUG\L99PM62DRV.O was not called
    ?PR??SPI_BIDIRECTIONALLINECONFIG?STM8S_SPI: Function ?SPI_BIDIRECTIONALLINECONFIG in file DEBUG\STM8S_SPI.O was not called
    ?PR??SPI_CALCULATECRCCMD?STM8S_SPI: Function ?SPI_CALCULATECRCCMD in file DEBUG\STM8S_SPI.O was not called
    ?PR??SPI_CLEARFLAG?STM8S_SPI: Function ?SPI_CLEARFLAG in file DEBUG\STM8S_SPI.O was not called
    ?PR??SPI_CLEARITPENDINGBIT?STM8S_SPI: Function ?SPI_CLEARITPENDINGBIT in file DEBUG\STM8S_SPI.O was not called
    ?PR??SPI_GETCRC?STM8S_SPI: Function ?SPI_GETCRC in file DEBUG\STM8S_SPI.O was not called
    ?PR??SPI_GETCRCPOLYNOMIAL?STM8S_SPI: Function ?SPI_GETCRCPOLYNOMIAL in file DEBUG\STM8S_SPI.O was not called
    ?PR??SPI_GETITSTATUS?STM8S_SPI: Function ?SPI_GETITSTATUS in file DEBUG\STM8S_SPI.O was not called
    ?PR??SPI_ITCONFIG?STM8S_SPI: Function ?SPI_ITCONFIG in file DEBUG\STM8S_SPI.O was not called
    ?PR??SPI_NSSINTERNALSOFTWARECMD?STM8S_SPI: Function ?SPI_NSSINTERNALSOFTWARECMD in file DEBUG\STM8S_SPI.O was not called
    ?PR??SPI_RESETCRC?STM8S_SPI: Function ?SPI_RESETCRC in file DEBUG\STM8S_SPI.O was not called
    ?PR??SPI_TRANSMITCRC?STM8S_SPI: Function ?SPI_TRANSMITCRC in file DEBUG\STM8S_SPI.O was not called
    ?PR??TIM4_ARRPRELOADCONFIG?STM8S_TIM4: Function ?TIM4_ARRPRELOADCONFIG in file DEBUG\STM8S_TIM4.O was not called
    ?PR??TIM4_DEINIT?STM8S_TIM4: Function ?TIM4_DEINIT in file DEBUG\STM8S_TIM4.O was not called
    ?PR??TIM4_GENERATEEVENT?STM8S_TIM4: Function ?TIM4_GENERATEEVENT in file DEBUG\STM8S_TIM4.O was not called
    ?PR??TIM4_GETCOUNTER?STM8S_TIM4: Function ?TIM4_GETCOUNTER in file DEBUG\STM8S_TIM4.O was not called
    ?PR??TIM4_GETFLAGSTATUS?STM8S_TIM4: Function ?TIM4_GETFLAGSTATUS in file DEBUG\STM8S_TIM4.O was not called
    ?PR??TIM4_GETITSTATUS?STM8S_TIM4: Function ?TIM4_GETITSTATUS in file DEBUG\STM8S_TIM4.O was not called
    ?PR??TIM4_GETPRESCALER?STM8S_TIM4: Function ?TIM4_GETPRESCALER in file DEBUG\STM8S_TIM4.O was not called
    ?PR??TIM4_PRESCALERCONFIG?STM8S_TIM4: Function ?TIM4_PRESCALERCONFIG in file DEBUG\STM8S_TIM4.O was not called
    ?PR??TIM4_SELECTONEPULSEMODE?STM8S_TIM4: Function ?TIM4_SELECTONEPULSEMODE in file DEBUG\STM8S_TIM4.O was not called
    ?PR??TIM4_SETAUTORELOAD?STM8S_TIM4: Function ?TIM4_SETAUTORELOAD in file DEBUG\STM8S_TIM4.O was not called
    ?PR??TIM4_SETCOUNTER?STM8S_TIM4: Function ?TIM4_SETCOUNTER in file DEBUG\STM8S_TIM4.O was not called
    ?PR??TIM4_UPDATEDISABLECONFIG?STM8S_TIM4: Function ?TIM4_UPDATEDISABLECONFIG in file DEBUG\STM8S_TIM4.O was not called
    ?PR??TIM4_UPDATEREQUESTCONFIG?STM8S_TIM4: Function ?TIM4_UPDATEREQUESTCONFIG in file DEBUG\STM8S_TIM4.O was not called
    ?PR??UART3_CLEARFLAG?STM8S_UART3: Function ?UART3_CLEARFLAG in file DEBUG\STM8S_UART3.O was not called
    ?PR??UART3_CLEARITPENDINGBIT?STM8S_UART3: Function ?UART3_CLEARITPENDINGBIT in file DEBUG\STM8S_UART3.O was not called
    ?PR??UART3_CMD?STM8S_UART3: Function ?UART3_CMD in file DEBUG\STM8S_UART3.O was not called
    ?PR??UART3_GETFLAGSTATUS?STM8S_UART3: Function ?UART3_GETFLAGSTATUS in file DEBUG\STM8S_UART3.O was not called
    ?PR??UART3_GETITSTATUS?STM8S_UART3: Function ?UART3_GETITSTATUS in file DEBUG\STM8S_UART3.O was not called
    ?PR??UART3_RECEIVEDATA8?STM8S_UART3: Function ?UART3_RECEIVEDATA8 in file DEBUG\STM8S_UART3.O was not called
    ?PR??UART3_RECEIVEDATA9?STM8S_UART3: Function ?UART3_RECEIVEDATA9 in file DEBUG\STM8S_UART3.O was not called
    ?PR??UART3_RECEIVERWAKEUPCMD?STM8S_UART3: Function ?UART3_RECEIVERWAKEUPCMD in file DEBUG\STM8S_UART3.O was not called
    ?PR??UART3_SENDDATA9?STM8S_UART3: Function ?UART3_SENDDATA9 in file DEBUG\STM8S_UART3.O was not called
    ?PR??UART3_SETADDRESS?STM8S_UART3: Function ?UART3_SETADDRESS in file DEBUG\STM8S_UART3.O was not called
    ?PR??UART3_WAKEUPCONFIG?STM8S_UART3: Function ?UART3_WAKEUPCONFIG in file DEBUG\STM8S_UART3.O was not called
    ?STR?STM8S_ADC2
    ?STR?STM8S_CAN
    CSTDLIB_AND3232
    CSTDLIB_CHARTOINT
    CSTDLIB_INTTOL
    CSTDLIB_MV4BC2IX
    CSTDLIB_MV4IX2BC
    CSTDLIB_OR3232



LINK MAP OF MODULE: DEBUG\STM8AF_LIN_MASTER.AOF (STM8S_ADC2)

	TYPE     BASE         LENGTH     RELOCATION      SEGMENT NAME
	----     ----         ------     ----------      ------------

	* * * * * * * *   D A T A       M E M O R Y   * * * * * * * *
	DATA     000000H      000004H    PAGE0           CSTDLIB_REGISTERS
	DATA     000004H      00008FH    INSECTION0      ?ZDT?LIN
	DATA     000093H      000027H    INSECTION0      ?ZDT?L99PM62DRV
	DATA     0000BAH      000010H    INSECTION0      ?ZDT?STM8S_CAN
	DATA     0000CAH      00000EH    INSECTION0      ?ZDT?MAIN
	DATA     0000D8H      00000CH    INSECTION0      ?ZDT?APPLI
	DATA     0000E4H      000001H    INSECTION0      ?ZDT?STM8S_IT
	DATA     0000E5H      000002H    INSECTION0      ?DT?LIN
	         0000E7H      001319H                     *** GAP ***
	DATA     001400H      000400H    UNIT            ?C_STACK?SEG

	* * * * * * * *   C O D E       M E M O R Y   * * * * * * * *
	CODE     008000H      000004H    AT              ?CO?STARTUP_V_Z00
	CODE     008004H      000004H    AT              ?IT?VECTOR#256
	CODE     008008H      000004H    AT              ?IT?VECTOR#0
	CODE     00800CH      000004H    AT              ?IT?VECTOR#1
	CODE     008010H      000004H    AT              ?IT?VECTOR#2
	CODE     008014H      000004H    AT              ?IT?VECTOR#3
	CODE     008018H      000004H    AT              ?IT?VECTOR#4
	CODE     00801CH      000004H    AT              ?IT?VECTOR#5
	CODE     008020H      000004H    AT              ?IT?VECTOR#6
	CODE     008024H      000004H    AT              ?IT?VECTOR#7
	CODE     008028H      000004H    AT              ?IT?VECTOR#8
	CODE     00802CH      000004H    AT              ?IT?VECTOR#9
	CODE     008030H      000004H    AT              ?IT?VECTOR#10
	CODE     008034H      000004H    AT              ?IT?VECTOR#11
	CODE     008038H      000004H    AT              ?IT?VECTOR#12
	CODE     00803CH      000004H    AT              ?IT?VECTOR#13
	CODE     008040H      000004H    AT              ?IT?VECTOR#14
	CODE     008044H      000004H    AT              ?IT?VECTOR#15
	CODE     008048H      000004H    AT              ?IT?VECTOR#16
	CODE     00804CH      000004H    AT              ?IT?VECTOR#17
	CODE     008050H      000004H    AT              ?IT?VECTOR#18
	CODE     008054H      000004H    AT              ?IT?VECTOR#19
	CODE     008058H      000004H    AT              ?IT?VECTOR#20
	CODE     00805CH      000004H    AT              ?IT?VECTOR#21
	CODE     008060H      000004H    AT              ?IT?VECTOR#22
	CODE     008064H      000004H    AT              ?IT?VECTOR#23
	CODE     008068H      000004H    AT              ?IT?VECTOR#24
	CODE     00806CH      00008DH    INSECTION0      CSTDLIB_MULU3232
	CODE     0080F9H      000001H    INSECTION       ?PR??TRAP_IRQHANDLER?STM8S_IT
	CODE     0080FAH      000047H    INSECTION0      CSTDLIB_DIVU32
	CODE     008141H      00003FH    INSECTION0      ?STR?STM8S_UART3
	CODE     008180H      00003EH    INSECTION0      ?STR?STM8S_ADC2
	CODE     0081BEH      00003EH    INSECTION0      ?STR?STM8S_TIM4
	CODE     0081FCH      00003EH    INSECTION0      ?STR?STM8S_GPIO
	CODE     00823AH      00003EH    INSECTION0      ?STR?STM8S_EXTI
	CODE     008278H      00003DH    INSECTION0      ?STR?STM8S_SPI
	CODE     0082B5H      00003DH    INSECTION0      ?STR?STM8S_CLK
	CODE     0082F2H      00003DH    INSECTION0      ?STR?STM8S_CAN
	CODE     00832FH      000033H    INSECTION0      CSTART
	CODE     008362H      00001AH    INSECTION0      CSTDLIB_SLL328
	CODE     00837CH      00001AH    INSECTION0      CSTDLIB_SRL328
	CODE     008396H      000018H    INSECTION0      CSTDLIB_ACCIX328
	CODE     0083AEH      000017H    INSECTION0      CSTDLIB_MV4BC2ISA
	CODE     0083C5H      000017H    INSECTION0      CSTDLIB_MV4ISA2BC
	CODE     0083DCH      000017H    INSECTION0      CSTDLIB_SUB3232
	CODE     0083F3H      000016H    INSECTION0      CSTDLIB_AND3232
	CODE     008409H      000016H    INSECTION0      CSTDLIB_OR3232
	CODE     00841FH      000012H    INSECTION0      CSTDLIB_CHARTOL
	CODE     008431H      000012H    INSECTION0      CSTDLIB_IX32
	CODE     008443H      000012H    INSECTION0      CSTDLIB_PG2BC
	CODE     008455H      000011H    INSECTION0      CSTDLIB_MV4BC2SK
	CODE     008466H      000002H    INSECTION       ?PR??GPIO_WRITE?STM8S_GPIO
	CODE     008468H      000011H    INSECTION0      CSTDLIB_SLL168
	CODE     008479H      00000DH    INSECTION0      CSTDLIB_MV4BC2IX
	CODE     008486H      00000DH    INSECTION0      CSTDLIB_MV4IX2BC
	CODE     008493H      00000CH    INSECTION0      ?PR?STM8S_CLK
	CODE     00849FH      00000CH    INSECTION0      CSTDLIB_CPU3232IX
	CODE     0084ABH      00000AH    INSECTION0      CSTDLIB_INTTOL
	CODE     0084B5H      00000AH    INSECTION0      CSTDLIB_MULDIV32
	CODE     0084BFH      000009H    INSECTION0      CSTDLIB_NULL2BC
	CODE     0084C8H      000009H    INSECTION0      CSTDLIB_PG2SK1
	CODE     0084D1H      000007H    INSECTION0      CSTDLIB_CHARTOINT
	CODE     0084D8H      0003D1H    INSECTION       ?PR??CAN_FILTERINIT?STM8S_CAN
	CODE     0088A9H      000259H    INSECTION       ?PR??LED_DISPLAY?APPLI
	CODE     008B02H      00022AH    INSECTION       ?PR??LIN_TASK?LIN
	CODE     008D2CH      0001BCH    INSECTION       ?PR??CAN_TRANSMIT?STM8S_CAN
	CODE     008EE8H      000198H    INSECTION       ?PR??CAN_GETITSTATUS?STM8S_CAN
	CODE     009080H      00017BH    INSECTION       ?PR??ADC2_INIT?STM8S_ADC2
	CODE     0091FBH      000169H    INSECTION       ?PR??UART3_INIT?STM8S_UART3
	CODE     009364H      00013BH    INSECTION       ?PR??L99PM62DRV_WRITECONTROL?L99PM62DRV
	CODE     00949FH      000133H    INSECTION       ?PR??L99PM62DRV_READCONTROL?L99PM62DRV
	CODE     0095D2H      000118H    INSECTION       ?PR??CAN_INIT?STM8S_CAN
	CODE     0096EAH      00010CH    INSECTION       ?PR??CAN_RECEIVE?STM8S_CAN
	CODE     0097F6H      000106H    INSECTION       ?PR??APPLI?APPLI
	CODE     0098FCH      000105H    INSECTION       ?PR??SPI_INIT?STM8S_SPI
	CODE     009A01H      0000FFH    INSECTION       ?PR??ST_SPI_SEND_16?L99PM62DRV
	CODE     009B00H      0000FBH    INSECTION       ?PR??CLK_CLOCKSWITCHCONFIG?STM8S_CLK
	CODE     009BFBH      0000F9H    INSECTION       ?PR??ADC2_SCHMITTTRIGGERCONFIG?STM8S_ADC2
	CODE     009CF4H      0000EDH    INSECTION       ?PR??UPDATEBARSTATUS?APPLI
	CODE     009DE1H      0000EAH    INSECTION       ?PR??UART3_GETITSTATUS?STM8S_UART3
	CODE     009ECBH      0000DDH    INSECTION       ?PR??UART3_ITCONFIG?STM8S_UART3
	CODE     009FA8H      0000D7H    INSECTION       ?PR??CAN_GETFLAGSTATUS?STM8S_CAN
	CODE     00A07FH      0000C8H    INSECTION       ?PR??CLK_PERIPHERALCLOCKCONFIG?STM8S_CLK
	CODE     00A147H      0000C3H    INSECTION       ?PR??UART3_GETFLAGSTATUS?STM8S_UART3
	CODE     00A20AH      0000C3H    INSECTION       ?PR??L99PM62DRV_SETPWMDUTYCYCLE?L99PM62DRV
	CODE     00A2CDH      0000C2H    INSECTION       ?PR??GPIO_INIT?STM8S_GPIO
	CODE     00A38FH      0000C2H    INSECTION       ?PR??CAN_OPERATINGMODEREQUEST?STM8S_CAN
	CODE     00A451H      0000BAH    INSECTION       ?PR??CAN_CLEARITPENDINGBIT?STM8S_CAN
	CODE     00A50BH      0000B3H    INSECTION       ?PR??L99PM62DRV_SETINPUTFILTERMODE?L99PM62DRV
	CODE     00A5BEH      0000B1H    INSECTION       ?PR??ADC2_CONVERSIONCONFIG?STM8S_ADC2
	CODE     00A66FH      0000AEH    INSECTION       ?PR??EXTI_SETEXTINTSENSITIVITY?STM8S_EXTI
	CODE     00A71DH      0000ABH    INSECTION       ?PR??GPIO_CONFIG?MAIN
	CODE     00A7C8H      0000A5H    INSECTION       ?PR??CLK_GETFLAGSTATUS?STM8S_CLK
	CODE     00A86DH      0000A3H    INSECTION       ?PR??L99PM62DRV_INIT?L99PM62DRV
	CODE     00A910H      0000A2H    INSECTION       ?PR??L99PM62DRV_GETCONTROL?L99PM62DRV
	CODE     00A9B2H      0000A0H    INSECTION       ?PR??L99PM62DRV_SETOUTHSMODE?L99PM62DRV
	CODE     00AA52H      00009BH    INSECTION       ?PR??L99PM62DRV_SETWDTIMING?L99PM62DRV
	CODE     00AAEDH      000092H    INSECTION       ?PR??CAN_CLEARFLAG?STM8S_CAN
	CODE     00AB7FH      00008FH    INSECTION       ?PR??L99PM62DRV_READSTATUS?L99PM62DRV
	CODE     00AC0EH      00008FH    INSECTION       ?PR??L99PM62DRV_READCLEARSTATUS?L99PM62DRV
	CODE     00AC9DH      000089H    INSECTION       ?PR??CAN_ITCONFIG?STM8S_CAN
	CODE     00AD26H      000089H    INSECTION       ?PR??L99PM62DRV_SETWUINPUTMODE?L99PM62DRV
	CODE     00ADAFH      000086H    INSECTION       ?PR??CAN_TRANSMITSTATUS?STM8S_CAN
	CODE     00AE35H      000081H    INSECTION       ?PR??L99PM62DRV_SETTIMER1?L99PM62DRV
	CODE     00AEB6H      00007AH    INSECTION       ?PR??CLK_CCOCONFIG?STM8S_CLK
	CODE     00AF30H      00007AH    INSECTION       ?PR??L99PM62DRV_SETTIMER2?L99PM62DRV
	CODE     00AFAAH      00007AH    INSECTION       ?PR??L99PM62DRV_SETCYCLICWAKEUP?L99PM62DRV
	CODE     00B024H      000077H    INSECTION       ?PR??CLK_SYSCLKCONFIG?STM8S_CLK
	CODE     00B09BH      000077H    INSECTION       ?PR??L99PM62DRV_SETRELAYOUTPUT?L99PM62DRV
	CODE     00B112H      000075H    INSECTION       ?PR??L99PM62DRV_LINSETUP?L99PM62DRV
	CODE     00B187H      000072H    INSECTION       ?PR??CAN_DEINIT?STM8S_CAN
	CODE     00B1F9H      000072H    INSECTION       ?PR??CAN_TTCOMMODECMD?STM8S_CAN
	CODE     00B26BH      000071H    INSECTION       ?PR??INITSCHEDULETABLE?LIN
	CODE     00B2DCH      00006EH    INSECTION       ?PR??UART3_LINCONFIG?STM8S_UART3
	CODE     00B34AH      00006EH    INSECTION       ?PR??L99PM62DRV_ENABLEBUSWAKEUP?L99PM62DRV
	CODE     00B3B8H      00006DH    INSECTION       ?PR??EXTI_GETEXTINTSENSITIVITY?STM8S_EXTI
	CODE     00B425H      00006AH    INSECTION       ?PR??SPI_GETITSTATUS?STM8S_SPI
	CODE     00B48FH      00006AH    INSECTION       ?PR??L99PM62DRV_SETRESETTHRESHOLDLEVEL?L99PM62DRV
	CODE     00B4F9H      000069H    INSECTION       ?PR??L99PM62DRV_SETSTANDBYMODE?L99PM62DRV
	CODE     00B562H      000066H    INSECTION       ?PR??CLK_ITCONFIG?STM8S_CLK
	CODE     00B5C8H      000063H    INSECTION       ?PR??L99PM62DRV_SETVOLTAGEREG2MODE?L99PM62DRV
	CODE     00B62BH      00005EH    INSECTION       ?PR??SPI_ITCONFIG?STM8S_SPI
	CODE     00B689H      00005DH    INSECTION       ?PR??L99PM62DRV_SETOUT4MODE?L99PM62DRV
	CODE     00B6E6H      00005AH    INSECTION       ?PR??CLK_GETCLOCKFREQ?STM8S_CLK
	CODE     00B740H      000059H    INSECTION       ?PR?MAIN?MAIN
	CODE     00B799H      000054H    INSECTION       ?PR??UART3_CLEARFLAG?STM8S_UART3
	CODE     00B7EDH      000053H    INSECTION       ?PR??TIM4_PRESCALERCONFIG?STM8S_TIM4
	CODE     00B840H      000052H    INSECTION       ?PR??UART3_RX_IRQHANDLER?STM8S_IT
	CODE     00B892H      000051H    INSECTION       ?PR??ADC2_PRESCALERCONFIG?STM8S_ADC2
	CODE     00B8E3H      00004DH    INSECTION       ?PR??SPI_GETFLAGSTATUS?STM8S_SPI
	CODE     00B930H      00004DH    INSECTION       ?PR??CLK_GETITSTATUS?STM8S_CLK
	CODE     00B97DH      00004CH    INSECTION       ?PR??L99PM62DRV_SETOUT3MODE?L99PM62DRV
	CODE     00B9C9H      00004BH    INSECTION       ?PR??L99PM62DRV_SETOUT2MODE?L99PM62DRV
	CODE     00BA14H      00004AH    INSECTION       ?PR??ADC2_EXTERNALTRIGGERCONFIG?STM8S_ADC2
	CODE     00BA5EH      00004AH    INSECTION       ?PR??L99PM62DRV_SETOUT1MODE?L99PM62DRV
	CODE     00BAA8H      00004AH    INSECTION       ?PR??L99PM62DRV_SETCANSTANDBYMODE?L99PM62DRV
	CODE     00BAF2H      000045H    INSECTION       ?PR??L99PM62DRV_SETOUTHSAUTORECOVERY?L99PM62DRV
	CODE     00BB37H      000045H    INSECTION       ?PR??L99PM62DRV_SETVSLOCKOUTMODE?L99PM62DRV
	CODE     00BB7CH      000045H    INSECTION       ?PR??L99PM62DRV_SETRELAYSHUTDOWNMODE?L99PM62DRV
	CODE     00BBC1H      000045H    INSECTION       ?PR??L99PM62DRV_SETPWMFREQU?L99PM62DRV
	CODE     00BC06H      000043H    INSECTION       ?PR??ADC2_GETCONVERSIONVALUE?STM8S_ADC2
	CODE     00BC49H      000042H    INSECTION       ?PR??UART3_CLEARITPENDINGBIT?STM8S_UART3
	CODE     00BC8BH      000042H    INSECTION       ?PR??TIM4_TIMEBASEINIT?STM8S_TIM4
	CODE     00BCCDH      000042H    INSECTION       ?PR??L99PM62DRV_SETVREG1CURRENTMONITORMODE?L99PM62DRV
	CODE     00BD0FH      000041H    INSECTION       ?PR??CLK_ADJUSTHSICALIBRATIONVALUE?STM8S_CLK
	CODE     00BD50H      000040H    INSECTION       ?PR??TIM4_UPD_OVF_IRQHANDLER?STM8S_IT
	CODE     00BD90H      00003EH    INSECTION       ?PR??GPIO_EXTERNALPULLUPCONFIG?STM8S_GPIO
	CODE     00BDCEH      00003DH    INSECTION       ?PR??L99PM62DRV_ENABLEWAKEUPSOURCE?L99PM62DRV
	CODE     00BE0BH      00003CH    INSECTION       ?PR??LIN_MASTERCONFIG?LIN
	CODE     00BE47H      00003BH    INSECTION       ?PR??EXTI_PORTE_IRQHANDLER?STM8S_IT
	CODE     00BE82H      000039H    INSECTION       ?PR??TIM4_ITCONFIG?STM8S_TIM4
	CODE     00BEBBH      000038H    INSECTION       ?PR??CLK_DEINIT?STM8S_CLK
	CODE     00BEF3H      000038H    INSECTION       ?PR??LINCHECKSUM?LIN
	CODE     00BF2BH      000037H    INSECTION       ?PR??CLK_HSIPRESCALERCONFIG?STM8S_CLK
	CODE     00BF62H      000036H    INSECTION       ?PR??TIM4_GETITSTATUS?STM8S_TIM4
	CODE     00BF98H      000034H    INSECTION       ?PR??CAN_CANCELTRANSMIT?STM8S_CAN
	CODE     00BFCCH      000032H    INSECTION       ?PR??SPI_CLEARITPENDINGBIT?STM8S_SPI
	CODE     00BFFEH      000032H    INSECTION       ?PR??CLK_CLEARITPENDINGBIT?STM8S_CLK
	CODE     00C030H      00002FH    INSECTION       ?PR??CAN_GETMESSAGETIMESTAMP?STM8S_CAN
	CODE     00C05FH      00002FH    INSECTION       ?PR??WDGAUTODECREMENT?MAIN
	CODE     00C08EH      000029H    INSECTION       ?PR??L99PM62DRV_WDGTRIGGER?L99PM62DRV
	CODE     00C0B7H      000028H    INSECTION       ?PR??SPI_GETCRC?STM8S_SPI
	CODE     00C0DFH      000025H    INSECTION       ?PR??UART3_LINCMD?STM8S_UART3
	CODE     00C104H      000025H    INSECTION       ?PR??UART3_WAKEUPCONFIG?STM8S_UART3
	CODE     00C129H      000025H    INSECTION       ?PR??UART3_RECEIVERWAKEUPCMD?STM8S_UART3
	CODE     00C14EH      000025H    INSECTION       ?PR??UART3_SETADDRESS?STM8S_UART3
	CODE     00C173H      000025H    INSECTION       ?PR??SPI_BIDIRECTIONALLINECONFIG?STM8S_SPI
	CODE     00C198H      000025H    INSECTION       ?PR??CLK_SWIMCONFIG?STM8S_CLK
	CODE     00C1BDH      000025H    INSECTION       ?PR??CAN_ST7COMPATIBILITYCMD?STM8S_CAN
	CODE     00C1E2H      000025H    INSECTION       ?PR??L99PM62DRV_CLEARSTATUSREGISTERS?L99PM62DRV
	CODE     00C207H      000024H    INSECTION       ?PR??TIM4_SELECTONEPULSEMODE?STM8S_TIM4
	CODE     00C22BH      000023H    INSECTION       ?PR??ADC2_CMD?STM8S_ADC2
	CODE     00C24EH      000023H    INSECTION       ?PR??ADC2_ITCONFIG?STM8S_ADC2
	CODE     00C271H      000023H    INSECTION       ?PR??UART3_DEINIT?STM8S_UART3
	CODE     00C294H      000023H    INSECTION       ?PR??UART3_LINBREAKDETECTIONCONFIG?STM8S_UART3
	CODE     00C2B7H      000023H    INSECTION       ?PR??TIM4_CMD?STM8S_TIM4
	CODE     00C2DAH      000023H    INSECTION       ?PR??TIM4_UPDATEDISABLECONFIG?STM8S_TIM4
	CODE     00C2FDH      000023H    INSECTION       ?PR??TIM4_UPDATEREQUESTCONFIG?STM8S_TIM4
	CODE     00C320H      000023H    INSECTION       ?PR??TIM4_ARRPRELOADCONFIG?STM8S_TIM4
	CODE     00C343H      000023H    INSECTION       ?PR??SPI_CMD?STM8S_SPI
	CODE     00C366H      000023H    INSECTION       ?PR??SPI_NSSINTERNALSOFTWARECMD?STM8S_SPI
	CODE     00C389H      000023H    INSECTION       ?PR??SPI_CALCULATECRCCMD?STM8S_SPI
	CODE     00C3ACH      000023H    INSECTION       ?PR??SPI_CLEARFLAG?STM8S_SPI
	CODE     00C3CFH      000023H    INSECTION       ?PR??EXTI_SETTLISENSITIVITY?STM8S_EXTI
	CODE     00C3F2H      000023H    INSECTION       ?PR??CLK_FASTHALTWAKEUPCMD?STM8S_CLK
	CODE     00C415H      000023H    INSECTION       ?PR??CLK_HSECMD?STM8S_CLK
	CODE     00C438H      000023H    INSECTION       ?PR??CLK_HSICMD?STM8S_CLK
	CODE     00C45BH      000023H    INSECTION       ?PR??CLK_LSICMD?STM8S_CLK
	CODE     00C47EH      000023H    INSECTION       ?PR??CLK_CCOCMD?STM8S_CLK
	CODE     00C4A1H      000023H    INSECTION       ?PR??CLK_CLOCKSWITCHCMD?STM8S_CLK
	CODE     00C4C4H      000023H    INSECTION       ?PR??CLK_SLOWACTIVEHALTWAKEUPCMD?STM8S_CLK
	CODE     00C4E7H      000022H    INSECTION       ?PR??TIM4_GETFLAGSTATUS?STM8S_TIM4
	CODE     00C509H      000020H    INSECTION       ?PR??L99PM62DRV_SETCANLOOPBACKMODE?L99PM62DRV
	CODE     00C529H      000020H    INSECTION       ?PR??L99PM62DRV_SETCANPATTERNWAKEUP?L99PM62DRV
	CODE     00C549H      00001EH    INSECTION       ?PR??CAN_GETLASTERRORCODE?STM8S_CAN
	CODE     00C567H      00001DH    INSECTION       ?PR??CAN_GETRECEIVEDDATA?STM8S_CAN
	CODE     00C584H      00001AH    INSECTION       ?PR??TIM4_CLEARFLAG?STM8S_TIM4
	CODE     00C59EH      00001AH    INSECTION       ?PR??TIM4_CLEARITPENDINGBIT?STM8S_TIM4
	CODE     00C5B8H      00001AH    INSECTION       ?PR??CAN_SLEEP?STM8S_CAN
	CODE     00C5D2H      000019H    INSECTION       ?PR??UART3_RECEIVEDATA9?STM8S_UART3
	CODE     00C5EBH      000019H    INSECTION       ?PR??TIM4_DEINIT?STM8S_TIM4
	CODE     00C604H      000019H    INSECTION       ?PR??TIM4_GENERATEEVENT?STM8S_TIM4
	CODE     00C61DH      000018H    INSECTION       ?PR??LIN_READDATA?LIN
	CODE     00C635H      000018H    INSECTION       ?PR??L99PM62DRV_GETGLOBALSTATUSREGISTER?L99PM62DRV
	CODE     00C64DH      000017H    INSECTION       ?PR??UART3_SENDDATA9?STM8S_UART3
	CODE     00C664H      000015H    INSECTION       ?PR??ADC2_DEINIT?STM8S_ADC2
	CODE     00C679H      000015H    INSECTION       ?PR??SPI_DEINIT?STM8S_SPI
	CODE     00C68EH      000015H    INSECTION       ?PR??CLK_CONFIG?MAIN
	CODE     00C6A3H      000015H    INSECTION       ?PR??TIM4_CONFIG?MAIN?S?MAIN
	CODE     00C6B8H      000015H    INSECTION       ?PR??L99PM62DRV_WDGAUTOTRIGGER?MAIN
	CODE     00C6CDH      000015H    INSECTION       ?PR??DELAY?MAIN
	CODE     00C6E2H      000015H    INSECTION       ?PR??LIN_WRITEDATA?LIN
	CODE     00C6F7H      000014H    INSECTION       ?PR??UART3_RIE?LIN
	CODE     00C70BH      000014H    INSECTION       ?PR??UART3_BDIE?LIN
	CODE     00C71FH      000014H    INSECTION       ?PR??LINRECEPTIONTIMEOUTELAPSED?LIN
	CODE     00C733H      000013H    INSECTION       ?PR??TIMINGDELAY_DECREMENT?MAIN
	CODE     00C746H      000010H    INSECTION       ?PR??CAN_WAKEUP?STM8S_CAN
	CODE     00C756H      000010H    INSECTION       ?PR??CHECKITSTATUS?STM8S_CAN?S?STM8S_CAN
	CODE     00C766H      00000FH    INSECTION       ?PR??USERBUTTON1STATUS?APPLI
	CODE     00C775H      00000FH    INSECTION       ?PR??USERBUTTON2STATUS?APPLI
	CODE     00C784H      00000FH    INSECTION       ?PR??INCREMENTSTATUS?APPLI
	CODE     00C793H      00000EH    INSECTION       ?PR??DECREMENTSTATUS?APPLI
	CODE     00C7A1H      00000DH    INSECTION       ?PR??UART3_CMD?STM8S_UART3
	CODE     00C7AEH      00000CH    INSECTION       ?PR??LINERROR?LIN
	CODE     00C7BAH      00000AH    INSECTION       ?PR??SPI_RESETCRC?STM8S_SPI
	CODE     00C7C4H      00000AH    INSECTION       ?PR??STARTLINRECEPTIONTIMEOUT?LIN
	CODE     00C7CEH      00000AH    INSECTION       ?PR??TESTLINTIMEBASETICK?LIN
	CODE     00C7D8H      00000AH    INSECTION       ?PR??TESTAPPLITIMEBASETICK?APPLI
	CODE     00C7E2H      000009H    INSECTION       ?PR??EXTI_DEINIT?STM8S_EXTI
	CODE     00C7EBH      000009H    INSECTION       ?PR??STOPLINRECEPTIONTIMEOUT?LIN
	CODE     00C7F4H      000008H    INSECTION       ?PR??ADC2_GETFLAGSTATUS?STM8S_ADC2
	CODE     00C7FCH      000008H    INSECTION       ?PR??ADC2_GETITSTATUS?STM8S_ADC2
	CODE     00C804H      000008H    INSECTION       ?PR??GPIO_DEINIT?STM8S_GPIO
	CODE     00C80CH      000008H    INSECTION       ?PR??EXTI_GETTLISENSITIVITY?STM8S_EXTI
	CODE     00C814H      000008H    INSECTION       ?PR??CAN_MESSAGEPENDING?STM8S_CAN
	CODE     00C81CH      000008H    UNIT            ?PR?STATINIT
	CODE     00C824H      000007H    INSECTION       ?PR??GPIO_READINPUTPIN?STM8S_GPIO
	CODE     00C82BH      000006H    INSECTION       ?PR??TIM4_GETPRESCALER?STM8S_TIM4
	CODE     00C831H      000006H    INSECTION       ?PR??GPIO_WRITELOW?STM8S_GPIO
	CODE     00C837H      000006H    INSECTION       ?PR??CLK_GETSYSCLKSOURCE?STM8S_CLK
	CODE     00C83DH      000006H    INSECTION       ?PR??CAN_GETRECEIVEDID?STM8S_CAN
	CODE     00C843H      000006H    INSECTION       ?PR??CAN_GETRECEIVEDIDE?STM8S_CAN
	CODE     00C849H      000006H    INSECTION       ?PR??CAN_GETRECEIVEDRTR?STM8S_CAN
	CODE     00C84FH      000006H    INSECTION       ?PR??CAN_GETSELECTEDPAGE?STM8S_CAN
	CODE     00C855H      000006H    INSECTION       ?PR??SETLINTIMEBASETICK?LIN
	CODE     00C85BH      000006H    INSECTION       ?PR??SETAPPLITIMEBASETICK?APPLI
	CODE     00C861H      000005H    INSECTION       ?PR??ADC2_STARTCONVERSION?STM8S_ADC2
	CODE     00C866H      000005H    INSECTION       ?PR??ADC2_CLEARFLAG?STM8S_ADC2
	CODE     00C86BH      000005H    INSECTION       ?PR??ADC2_CLEARITPENDINGBIT?STM8S_ADC2
	CODE     00C870H      000005H    INSECTION       ?PR??UART3_SENDBREAK?STM8S_UART3
	CODE     00C875H      000005H    INSECTION       ?PR??SPI_TRANSMITCRC?STM8S_SPI
	CODE     00C87AH      000005H    INSECTION       ?PR??GPIO_WRITEHIGH?STM8S_GPIO
	CODE     00C87FH      000005H    INSECTION       ?PR??GPIO_WRITEREVERSE?STM8S_GPIO
	CODE     00C884H      000005H    INSECTION       ?PR??CLK_CLOCKSECURITYSYSTEMENABLE?STM8S_CLK
	CODE     00C889H      000005H    INSECTION       ?PR??CLK_SYSCLKEMERGENCYCLEAR?STM8S_CLK
	CODE     00C88EH      000005H    INSECTION       ?PR??CAN_FIFORELEASE?STM8S_CAN
	CODE     00C893H      000005H    INSECTION       ?PR??CAN_SELECTPAGE?STM8S_CAN
	CODE     00C898H      000005H    INSECTION       ?PR??CLEARLINTIMEBASETICK?LIN
	CODE     00C89DH      000005H    INSECTION       ?PR??CLEARAPPLITIMEBASETICK?APPLI
	CODE     00C8A2H      000004H    INSECTION       ?PR??UART3_RECEIVEDATA8?STM8S_UART3
	CODE     00C8A6H      000004H    INSECTION       ?PR??UART3_SENDDATA8?STM8S_UART3
	CODE     00C8AAH      000004H    INSECTION       ?PR??TIM4_SETCOUNTER?STM8S_TIM4
	CODE     00C8AEH      000004H    INSECTION       ?PR??TIM4_SETAUTORELOAD?STM8S_TIM4
	CODE     00C8B2H      000004H    INSECTION       ?PR??TIM4_GETCOUNTER?STM8S_TIM4
	CODE     00C8B6H      000004H    INSECTION       ?PR??SPI_SENDDATA?STM8S_SPI
	CODE     00C8BAH      000004H    INSECTION       ?PR??SPI_RECEIVEDATA?STM8S_SPI
	CODE     00C8BEH      000004H    INSECTION       ?PR??SPI_GETCRCPOLYNOMIAL?STM8S_SPI
	CODE     00C8C2H      000004H    INSECTION       ?PR??CAN_GETRECEIVEDDLC?STM8S_CAN
	CODE     00C8C6H      000004H    INSECTION       ?PR??CAN_GETRECEIVEDFMI?STM8S_CAN
	CODE     00C8CAH      000003H    INSECTION       ?PR??GPIO_READINPUTDATA?STM8S_GPIO
	CODE     00C8CDH      000002H    INSECTION       ?PR??GPIO_READOUTPUTDATA?STM8S_GPIO
	CODE     00C8CFH      000002H    INSECTION       ?PR??ASSERT_FAILED?MAIN
	CODE     00C8D1H      000002H    INSECTION       ?PR??L99PM62DRV_REPORTERROR?L99PM62DRV
	CODE     00C8D3H      000001H    INSECTION       ?PR??TLI_IRQHANDLER?STM8S_IT
	CODE     00C8D4H      000001H    INSECTION       ?PR??AWU_IRQHANDLER?STM8S_IT
	CODE     00C8D5H      000001H    INSECTION       ?PR??CLK_IRQHANDLER?STM8S_IT
	CODE     00C8D6H      000001H    INSECTION       ?PR??EXTI_PORTA_IRQHANDLER?STM8S_IT
	CODE     00C8D7H      000001H    INSECTION       ?PR??EXTI_PORTB_IRQHANDLER?STM8S_IT
	CODE     00C8D8H      000001H    INSECTION       ?PR??EXTI_PORTC_IRQHANDLER?STM8S_IT
	CODE     00C8D9H      000001H    INSECTION       ?PR??EXTI_PORTD_IRQHANDLER?STM8S_IT
	CODE     00C8DAH      000001H    INSECTION       ?PR??CAN_RX_IRQHANDLER?STM8S_IT
	CODE     00C8DBH      000001H    INSECTION       ?PR??CAN_TX_IRQHANDLER?STM8S_IT
	CODE     00C8DCH      000001H    INSECTION       ?PR??SPI_IRQHANDLER?STM8S_IT
	CODE     00C8DDH      000001H    INSECTION       ?PR??TIM1_UPD_OVF_TRG_BRK_IRQHANDLER?STM8S_IT
	CODE     00C8DEH      000001H    INSECTION       ?PR??TIM1_CAP_COM_IRQHANDLER?STM8S_IT
	CODE     00C8DFH      000001H    INSECTION       ?PR??TIM2_UPD_OVF_BRK_IRQHANDLER?STM8S_IT
	CODE     00C8E0H      000001H    INSECTION       ?PR??TIM2_CAP_COM_IRQHANDLER?STM8S_IT
	CODE     00C8E1H      000001H    INSECTION       ?PR??TIM3_UPD_OVF_BRK_IRQHANDLER?STM8S_IT
	CODE     00C8E2H      000001H    INSECTION       ?PR??TIM3_CAP_COM_IRQHANDLER?STM8S_IT
	CODE     00C8E3H      000001H    INSECTION       ?PR??UART1_TX_IRQHANDLER?STM8S_IT
	CODE     00C8E4H      000001H    INSECTION       ?PR??UART1_RX_IRQHANDLER?STM8S_IT
	CODE     00C8E5H      000001H    INSECTION       ?PR??I2C_IRQHANDLER?STM8S_IT
	CODE     00C8E6H      000001H    INSECTION       ?PR??UART3_TX_IRQHANDLER?STM8S_IT
	CODE     00C8E7H      000001H    INSECTION       ?PR??ADC2_IRQHANDLER?STM8S_IT
	CODE     00C8E8H      000001H    INSECTION       ?PR??EEPROM_EEC_IRQHANDLER?STM8S_IT

EXECUTABLE SUMMARY:
-------------------
    Total EEPROM storage requirement:  0000H (0)
    Total DATA storage requirement:  04E7H (1255)
    Total CODE storage requirement:  48E9H (18665)


REFERENCE MAP OF MODULE: DEBUG\STM8AF_LIN_MASTER.AOF (STM8AF_LIN_MASTER)

SEGMENT
   +-->CALLED SEGMENT
---------------------
?PR??ADC2_INIT?STM8S_ADC2
   +-->?PR??ADC2_SCHMITTTRIGGERCONFIG?STM8S_ADC2
   +-->?PR??ADC2_EXTERNALTRIGGERCONFIG?STM8S_ADC2
   +-->?PR??ADC2_PRESCALERCONFIG?STM8S_ADC2
   +-->?PR??ADC2_CONVERSIONCONFIG?STM8S_ADC2
   +-->?PR??ASSERT_FAILED?MAIN
   +-->?STR?STM8S_ADC2
   +-->CSTDLIB_PG2SK1

?PR??ADC2_CMD?STM8S_ADC2
   +-->?PR??ASSERT_FAILED?MAIN
   +-->?STR?STM8S_ADC2
   +-->CSTDLIB_PG2SK1

?PR??ADC2_ITCONFIG?STM8S_ADC2
   +-->?PR??ASSERT_FAILED?MAIN
   +-->?STR?STM8S_ADC2
   +-->CSTDLIB_PG2SK1

?PR??ADC2_PRESCALERCONFIG?STM8S_ADC2
   +-->?PR??ASSERT_FAILED?MAIN
   +-->?STR?STM8S_ADC2
   +-->CSTDLIB_PG2SK1

?PR??ADC2_SCHMITTTRIGGERCONFIG?STM8S_ADC2
   +-->CSTDLIB_SLL168
   +-->?PR??ASSERT_FAILED?MAIN
   +-->?STR?STM8S_ADC2
   +-->CSTDLIB_PG2SK1

?PR??ADC2_CONVERSIONCONFIG?STM8S_ADC2
   +-->?PR??ASSERT_FAILED?MAIN
   +-->?STR?STM8S_ADC2
   +-->CSTDLIB_PG2SK1

?PR??ADC2_EXTERNALTRIGGERCONFIG?STM8S_ADC2
   +-->?PR??ASSERT_FAILED?MAIN
   +-->?STR?STM8S_ADC2

?PR??UART3_INIT?STM8S_UART3
   +-->CSTDLIB_SRL328
   +-->CSTDLIB_SUB3232
   +-->CSTDLIB_IX32
   +-->CSTDLIB_MULDIV32
   +-->CSTDLIB_MV4BC2ISA
   +-->CSTDLIB_DIVU32
   +-->?PR??CLK_GETCLOCKFREQ?STM8S_CLK
   +-->CSTDLIB_MV4BC2SK
   +-->CSTDLIB_SLL328
   +-->CSTDLIB_MV4ISA2BC
   +-->CSTDLIB_CPU3232IX
   +-->CSTDLIB_PG2BC
   +-->?PR??ASSERT_FAILED?MAIN
   +-->?STR?STM8S_UART3
   +-->CSTDLIB_PG2SK1
   +-->CSTDLIB_NULL2BC

?PR??UART3_ITCONFIG?STM8S_UART3
   +-->CSTDLIB_SLL168
   +-->?PR??ASSERT_FAILED?MAIN
   +-->?STR?STM8S_UART3
   +-->CSTDLIB_PG2SK1

?PR??UART3_LINBREAKDETECTIONCONFIG?STM8S_UART3
   +-->?PR??ASSERT_FAILED?MAIN
   +-->?STR?STM8S_UART3
   +-->CSTDLIB_PG2SK1

?PR??UART3_LINCONFIG?STM8S_UART3
   +-->?PR??ASSERT_FAILED?MAIN
   +-->?STR?STM8S_UART3

?PR??UART3_LINCMD?STM8S_UART3
   +-->?PR??ASSERT_FAILED?MAIN
   +-->?STR?STM8S_UART3

?PR??UART3_WAKEUPCONFIG?STM8S_UART3
   +-->?PR??ASSERT_FAILED?MAIN
   +-->?STR?STM8S_UART3

?PR??UART3_RECEIVERWAKEUPCMD?STM8S_UART3
   +-->?PR??ASSERT_FAILED?MAIN
   +-->?STR?STM8S_UART3

?PR??UART3_SETADDRESS?STM8S_UART3
   +-->?PR??ASSERT_FAILED?MAIN
   +-->?STR?STM8S_UART3

?PR??UART3_GETFLAGSTATUS?STM8S_UART3
   +-->?PR??ASSERT_FAILED?MAIN
   +-->?STR?STM8S_UART3

?PR??UART3_CLEARFLAG?STM8S_UART3
   +-->?PR??ASSERT_FAILED?MAIN
   +-->?STR?STM8S_UART3

?PR??UART3_GETITSTATUS?STM8S_UART3
   +-->CSTDLIB_SLL168
   +-->?PR??ASSERT_FAILED?MAIN
   +-->?STR?STM8S_UART3

?PR??UART3_CLEARITPENDINGBIT?STM8S_UART3
   +-->?PR??ASSERT_FAILED?MAIN
   +-->?STR?STM8S_UART3

?PR??TIM4_TIMEBASEINIT?STM8S_TIM4
   +-->?PR??ASSERT_FAILED?MAIN
   +-->?STR?STM8S_TIM4
   +-->CSTDLIB_PG2SK1

?PR??TIM4_CMD?STM8S_TIM4
   +-->?PR??ASSERT_FAILED?MAIN
   +-->?STR?STM8S_TIM4
   +-->CSTDLIB_PG2SK1

?PR??TIM4_ITCONFIG?STM8S_TIM4
   +-->?PR??ASSERT_FAILED?MAIN
   +-->?STR?STM8S_TIM4
   +-->CSTDLIB_PG2SK1

?PR??TIM4_UPDATEDISABLECONFIG?STM8S_TIM4
   +-->?PR??ASSERT_FAILED?MAIN
   +-->?STR?STM8S_TIM4
   +-->CSTDLIB_PG2SK1

?PR??TIM4_UPDATEREQUESTCONFIG?STM8S_TIM4
   +-->?PR??ASSERT_FAILED?MAIN
   +-->?STR?STM8S_TIM4
   +-->CSTDLIB_PG2SK1

?PR??TIM4_SELECTONEPULSEMODE?STM8S_TIM4
   +-->?PR??ASSERT_FAILED?MAIN
   +-->?STR?STM8S_TIM4
   +-->CSTDLIB_PG2SK1

?PR??TIM4_PRESCALERCONFIG?STM8S_TIM4
   +-->?PR??ASSERT_FAILED?MAIN
   +-->?STR?STM8S_TIM4
   +-->CSTDLIB_PG2SK1

?PR??TIM4_ARRPRELOADCONFIG?STM8S_TIM4
   +-->?PR??ASSERT_FAILED?MAIN
   +-->?STR?STM8S_TIM4
   +-->CSTDLIB_PG2SK1

?PR??TIM4_GENERATEEVENT?STM8S_TIM4
   +-->?PR??ASSERT_FAILED?MAIN
   +-->?STR?STM8S_TIM4

?PR??TIM4_GETFLAGSTATUS?STM8S_TIM4
   +-->?PR??ASSERT_FAILED?MAIN
   +-->?STR?STM8S_TIM4

?PR??TIM4_CLEARFLAG?STM8S_TIM4
   +-->?PR??ASSERT_FAILED?MAIN
   +-->?STR?STM8S_TIM4

?PR??TIM4_GETITSTATUS?STM8S_TIM4
   +-->?PR??ASSERT_FAILED?MAIN
   +-->?STR?STM8S_TIM4

?PR??TIM4_CLEARITPENDINGBIT?STM8S_TIM4
   +-->?PR??ASSERT_FAILED?MAIN
   +-->?STR?STM8S_TIM4

?PR??SPI_INIT?STM8S_SPI
   +-->?PR??ASSERT_FAILED?MAIN
   +-->?STR?STM8S_SPI
   +-->CSTDLIB_PG2SK1

?PR??SPI_CMD?STM8S_SPI
   +-->?PR??ASSERT_FAILED?MAIN
   +-->?STR?STM8S_SPI
   +-->CSTDLIB_PG2SK1

?PR??SPI_ITCONFIG?STM8S_SPI
   +-->CSTDLIB_SLL168
   +-->?PR??ASSERT_FAILED?MAIN
   +-->?STR?STM8S_SPI
   +-->CSTDLIB_PG2SK1

?PR??SPI_NSSINTERNALSOFTWARECMD?STM8S_SPI
   +-->?PR??ASSERT_FAILED?MAIN
   +-->?STR?STM8S_SPI
   +-->CSTDLIB_PG2SK1

?PR??SPI_CALCULATECRCCMD?STM8S_SPI
   +-->?PR??ASSERT_FAILED?MAIN
   +-->?STR?STM8S_SPI
   +-->CSTDLIB_PG2SK1

?PR??SPI_GETCRC?STM8S_SPI
   +-->?PR??ASSERT_FAILED?MAIN
   +-->?STR?STM8S_SPI
   +-->CSTDLIB_PG2SK1

?PR??SPI_RESETCRC?STM8S_SPI
   +-->?PR??SPI_CMD?STM8S_SPI
   +-->?PR??SPI_CALCULATECRCCMD?STM8S_SPI

?PR??SPI_BIDIRECTIONALLINECONFIG?STM8S_SPI
   +-->?PR??ASSERT_FAILED?MAIN
   +-->?STR?STM8S_SPI

?PR??SPI_GETFLAGSTATUS?STM8S_SPI
   +-->?PR??ASSERT_FAILED?MAIN
   +-->?STR?STM8S_SPI

?PR??SPI_CLEARFLAG?STM8S_SPI
   +-->?PR??ASSERT_FAILED?MAIN
   +-->?STR?STM8S_SPI

?PR??SPI_GETITSTATUS?STM8S_SPI
   +-->CSTDLIB_SLL168
   +-->?PR??ASSERT_FAILED?MAIN
   +-->?STR?STM8S_SPI

?PR??SPI_CLEARITPENDINGBIT?STM8S_SPI
   +-->CSTDLIB_SLL168
   +-->?PR??ASSERT_FAILED?MAIN
   +-->?STR?STM8S_SPI

?PR??GPIO_INIT?STM8S_GPIO
   +-->?PR??ASSERT_FAILED?MAIN
   +-->?STR?STM8S_GPIO
   +-->CSTDLIB_PG2SK1

?PR??GPIO_EXTERNALPULLUPCONFIG?STM8S_GPIO
   +-->?PR??ASSERT_FAILED?MAIN
   +-->?STR?STM8S_GPIO
   +-->CSTDLIB_PG2SK1

?PR??EXTI_SETEXTINTSENSITIVITY?STM8S_EXTI
   +-->?PR??ASSERT_FAILED?MAIN
   +-->?STR?STM8S_EXTI
   +-->CSTDLIB_PG2SK1

?PR??EXTI_SETTLISENSITIVITY?STM8S_EXTI
   +-->?PR??ASSERT_FAILED?MAIN
   +-->?STR?STM8S_EXTI
   +-->CSTDLIB_PG2SK1

?PR??EXTI_GETEXTINTSENSITIVITY?STM8S_EXTI
   +-->?PR??ASSERT_FAILED?MAIN
   +-->?STR?STM8S_EXTI
   +-->CSTDLIB_PG2SK1

?PR??CLK_FASTHALTWAKEUPCMD?STM8S_CLK
   +-->?PR??ASSERT_FAILED?MAIN
   +-->?STR?STM8S_CLK
   +-->CSTDLIB_PG2SK1

?PR??CLK_HSECMD?STM8S_CLK
   +-->?PR??ASSERT_FAILED?MAIN
   +-->?STR?STM8S_CLK
   +-->CSTDLIB_PG2SK1

?PR??CLK_HSICMD?STM8S_CLK
   +-->?PR??ASSERT_FAILED?MAIN
   +-->?STR?STM8S_CLK
   +-->CSTDLIB_PG2SK1

?PR??CLK_LSICMD?STM8S_CLK
   +-->?PR??ASSERT_FAILED?MAIN
   +-->?STR?STM8S_CLK
   +-->CSTDLIB_PG2SK1

?PR??CLK_CCOCMD?STM8S_CLK
   +-->?PR??ASSERT_FAILED?MAIN
   +-->?STR?STM8S_CLK
   +-->CSTDLIB_PG2SK1

?PR??CLK_CLOCKSWITCHCMD?STM8S_CLK
   +-->?PR??ASSERT_FAILED?MAIN
   +-->?STR?STM8S_CLK
   +-->CSTDLIB_PG2SK1

?PR??CLK_SLOWACTIVEHALTWAKEUPCMD?STM8S_CLK
   +-->?PR??ASSERT_FAILED?MAIN
   +-->?STR?STM8S_CLK
   +-->CSTDLIB_PG2SK1

?PR??CLK_PERIPHERALCLOCKCONFIG?STM8S_CLK
   +-->CSTDLIB_SLL168
   +-->?PR??ASSERT_FAILED?MAIN
   +-->?STR?STM8S_CLK

?PR??CLK_CLOCKSWITCHCONFIG?STM8S_CLK
   +-->?PR??ASSERT_FAILED?MAIN
   +-->?STR?STM8S_CLK

?PR??CLK_HSIPRESCALERCONFIG?STM8S_CLK
   +-->?PR??ASSERT_FAILED?MAIN
   +-->?STR?STM8S_CLK

?PR??CLK_CCOCONFIG?STM8S_CLK
   +-->?PR??ASSERT_FAILED?MAIN
   +-->?STR?STM8S_CLK

?PR??CLK_ITCONFIG?STM8S_CLK
   +-->?PR??ASSERT_FAILED?MAIN
   +-->?STR?STM8S_CLK

?PR??CLK_SYSCLKCONFIG?STM8S_CLK
   +-->?PR??ASSERT_FAILED?MAIN
   +-->?STR?STM8S_CLK

?PR??CLK_SWIMCONFIG?STM8S_CLK
   +-->?PR??ASSERT_FAILED?MAIN
   +-->?STR?STM8S_CLK

?PR??CLK_GETCLOCKFREQ?STM8S_CLK
   +-->CSTDLIB_MV4ISA2BC
   +-->CSTDLIB_MV4BC2ISA
   +-->CSTDLIB_DIVU32
   +-->CSTDLIB_PG2BC
   +-->CSTDLIB_MV4BC2SK
   +-->CSTDLIB_CHARTOL
   +-->?PR?STM8S_CLK

?PR??CLK_ADJUSTHSICALIBRATIONVALUE?STM8S_CLK
   +-->?PR??ASSERT_FAILED?MAIN
   +-->?STR?STM8S_CLK

?PR??CLK_GETFLAGSTATUS?STM8S_CLK
   +-->?PR??ASSERT_FAILED?MAIN
   +-->?STR?STM8S_CLK

?PR??CLK_GETITSTATUS?STM8S_CLK
   +-->?PR??ASSERT_FAILED?MAIN
   +-->?STR?STM8S_CLK

?PR??CLK_CLEARITPENDINGBIT?STM8S_CLK
   +-->?PR??ASSERT_FAILED?MAIN
   +-->?STR?STM8S_CLK

?PR??CAN_DEINIT?STM8S_CAN
   +-->?PR??CAN_OPERATINGMODEREQUEST?STM8S_CAN

?PR??CAN_INIT?STM8S_CAN
   +-->?PR??CAN_SELECTPAGE?STM8S_CAN
   +-->?PR??ASSERT_FAILED?MAIN
   +-->?STR?STM8S_CAN
   +-->CSTDLIB_PG2SK1
   +-->?PR??CAN_GETSELECTEDPAGE?STM8S_CAN

?PR??CAN_FILTERINIT?STM8S_CAN
   +-->?PR??CAN_SELECTPAGE?STM8S_CAN
   +-->CSTDLIB_SLL168
   +-->?PR??CAN_OPERATINGMODEREQUEST?STM8S_CAN
   +-->?PR??ASSERT_FAILED?MAIN
   +-->?STR?STM8S_CAN
   +-->CSTDLIB_PG2SK1
   +-->?PR??CAN_GETSELECTEDPAGE?STM8S_CAN

?PR??CAN_ITCONFIG?STM8S_CAN
   +-->?PR??CAN_SELECTPAGE?STM8S_CAN
   +-->?PR??ASSERT_FAILED?MAIN
   +-->?STR?STM8S_CAN
   +-->?PR??CAN_GETSELECTEDPAGE?STM8S_CAN

?PR??CAN_ST7COMPATIBILITYCMD?STM8S_CAN
   +-->?PR??ASSERT_FAILED?MAIN
   +-->?STR?STM8S_CAN

?PR??CAN_TTCOMMODECMD?STM8S_CAN
   +-->?PR??CAN_SELECTPAGE?STM8S_CAN
   +-->?PR??ASSERT_FAILED?MAIN
   +-->?STR?STM8S_CAN
   +-->?PR??CAN_GETSELECTEDPAGE?STM8S_CAN

?PR??CAN_TRANSMIT?STM8S_CAN
   +-->?PR??CAN_SELECTPAGE?STM8S_CAN
   +-->CSTDLIB_SLL328
   +-->CSTDLIB_OR3232
   +-->CSTDLIB_MV4BC2SK
   +-->CSTDLIB_INTTOL
   +-->CSTDLIB_SRL328
   +-->CSTDLIB_MV4ISA2BC
   +-->CSTDLIB_MV4BC2ISA
   +-->CSTDLIB_AND3232
   +-->CSTDLIB_CPU3232IX
   +-->CSTDLIB_PG2BC
   +-->?PR??ASSERT_FAILED?MAIN
   +-->?STR?STM8S_CAN
   +-->?PR??CAN_GETSELECTEDPAGE?STM8S_CAN

?PR??CAN_TRANSMITSTATUS?STM8S_CAN
   +-->?PR??ASSERT_FAILED?MAIN
   +-->?STR?STM8S_CAN

?PR??CAN_CANCELTRANSMIT?STM8S_CAN
   +-->?PR??CAN_SELECTPAGE?STM8S_CAN
   +-->?PR??ASSERT_FAILED?MAIN
   +-->?STR?STM8S_CAN
   +-->?PR??CAN_GETSELECTEDPAGE?STM8S_CAN

?PR??CAN_RECEIVE?STM8S_CAN
   +-->?PR??CAN_SELECTPAGE?STM8S_CAN
   +-->?PR??CAN_FIFORELEASE?STM8S_CAN
   +-->CSTDLIB_MV4BC2IX
   +-->CSTDLIB_AND3232
   +-->CSTDLIB_MV4ISA2BC
   +-->CSTDLIB_MV4BC2SK
   +-->CSTDLIB_OR3232
   +-->CSTDLIB_MV4BC2ISA
   +-->CSTDLIB_SLL328
   +-->CSTDLIB_CHARTOL
   +-->?PR??CAN_GETSELECTEDPAGE?STM8S_CAN

?PR??CAN_GETRECEIVEDID?STM8S_CAN
   +-->CSTDLIB_MV4IX2BC

?PR??CAN_GETRECEIVEDDATA?STM8S_CAN
   +-->?PR??ASSERT_FAILED?MAIN
   +-->?STR?STM8S_CAN

?PR??CAN_GETMESSAGETIMESTAMP?STM8S_CAN
   +-->?PR??CAN_SELECTPAGE?STM8S_CAN
   +-->?PR??CAN_GETSELECTEDPAGE?STM8S_CAN

?PR??CAN_OPERATINGMODEREQUEST?STM8S_CAN
   +-->?PR??ASSERT_FAILED?MAIN
   +-->?STR?STM8S_CAN

?PR??CAN_GETLASTERRORCODE?STM8S_CAN
   +-->?PR??CAN_SELECTPAGE?STM8S_CAN
   +-->?PR??CAN_GETSELECTEDPAGE?STM8S_CAN

?PR??CAN_CLEARFLAG?STM8S_CAN
   +-->?PR??CAN_SELECTPAGE?STM8S_CAN
   +-->?PR??CAN_GETSELECTEDPAGE?STM8S_CAN
   +-->?PR??ASSERT_FAILED?MAIN
   +-->?STR?STM8S_CAN

?PR??CAN_GETFLAGSTATUS?STM8S_CAN
   +-->?PR??CAN_SELECTPAGE?STM8S_CAN
   +-->?PR??CAN_GETSELECTEDPAGE?STM8S_CAN
   +-->?PR??ASSERT_FAILED?MAIN
   +-->?STR?STM8S_CAN

?PR??CAN_GETITSTATUS?STM8S_CAN
   +-->?PR??CAN_SELECTPAGE?STM8S_CAN
   +-->?PR??CHECKITSTATUS?STM8S_CAN?S?STM8S_CAN
   +-->?PR??ASSERT_FAILED?MAIN
   +-->?STR?STM8S_CAN
   +-->?PR??CAN_GETSELECTEDPAGE?STM8S_CAN

?PR??CAN_CLEARITPENDINGBIT?STM8S_CAN
   +-->?PR??CAN_SELECTPAGE?STM8S_CAN
   +-->?PR??ASSERT_FAILED?MAIN
   +-->?STR?STM8S_CAN
   +-->?PR??CAN_GETSELECTEDPAGE?STM8S_CAN

?PR?MAIN?MAIN
   +-->?PR??LIN_TASK?LIN
   +-->?PR??APPLI?APPLI
   +-->?PR??L99PM62DRV_WDGAUTOTRIGGER?MAIN
   +-->?PR??L99PM62DRV_INIT?L99PM62DRV
   +-->?PR??DELAY?MAIN
   +-->CSTDLIB_PG2SK1
   +-->?PR??INITSCHEDULETABLE?LIN
   +-->?PR??LIN_MASTERCONFIG?LIN
   +-->?PR??TIM4_CMD?STM8S_TIM4
   +-->?PR??SPI_CMD?STM8S_SPI
   +-->?PR??TIM4_CONFIG?MAIN?S?MAIN
   +-->?PR??SPI_INIT?STM8S_SPI
   +-->?PR??SPI_DEINIT?STM8S_SPI
   +-->?PR??CLK_CONFIG?MAIN
   +-->?PR??GPIO_CONFIG?MAIN

?PR??CLK_CONFIG?MAIN
   +-->?PR??CLK_CLOCKSWITCHCONFIG?STM8S_CLK
   +-->?PR??CLK_HSIPRESCALERCONFIG?STM8S_CLK

?PR??GPIO_CONFIG?MAIN
   +-->?PR??EXTI_SETEXTINTSENSITIVITY?STM8S_EXTI
   +-->?PR??GPIO_INIT?STM8S_GPIO

?PR??TIM4_CONFIG?MAIN?S?MAIN
   +-->?PR??TIM4_ITCONFIG?STM8S_TIM4
   +-->?PR??TIM4_CLEARFLAG?STM8S_TIM4
   +-->?PR??TIM4_TIMEBASEINIT?STM8S_TIM4

?PR??WDGAUTODECREMENT?MAIN
   +-->?PR??L99PM62DRV_CLEARSTATUSREGISTERS?L99PM62DRV
   +-->?PR??L99PM62DRV_WDGTRIGGER?L99PM62DRV
   +-->CSTDLIB_ACCIX328

?PR??TIMINGDELAY_DECREMENT?MAIN
   +-->CSTDLIB_ACCIX328

?PR??LIN_MASTERCONFIG?LIN
   +-->?PR??UART3_ITCONFIG?STM8S_UART3
   +-->?PR??UART3_LINCMD?STM8S_UART3
   +-->?PR??UART3_LINBREAKDETECTIONCONFIG?STM8S_UART3
   +-->?PR??UART3_LINCONFIG?STM8S_UART3
   +-->?PR??UART3_INIT?STM8S_UART3
   +-->?PR??UART3_DEINIT?STM8S_UART3

?PR??LIN_TASK?LIN
   +-->?PR??GPIO_WRITELOW?STM8S_GPIO
   +-->?PR??LINCHECKSUM?LIN
   +-->?PR??STARTLINRECEPTIONTIMEOUT?LIN
   +-->?PR??UART3_SENDDATA8?STM8S_UART3
   +-->?PR??UART3_RIE?LIN
   +-->?PR??UART3_SENDBREAK?STM8S_UART3
   +-->?PR??UART3_BDIE?LIN
   +-->?PR??STOPLINRECEPTIONTIMEOUT?LIN
   +-->?PR??LINRECEPTIONTIMEOUTELAPSED?LIN
   +-->?PR??CLEARLINTIMEBASETICK?LIN
   +-->?PR??TESTLINTIMEBASETICK?LIN

?PR??UART3_RIE?LIN
   +-->?PR??UART3_ITCONFIG?STM8S_UART3

?PR??UART3_BDIE?LIN
   +-->?PR??UART3_ITCONFIG?STM8S_UART3

?PR??LINRECEPTIONTIMEOUTELAPSED?LIN
   +-->?PR??LINERROR?LIN

?PR??LINERROR?LIN
   +-->?PR??GPIO_WRITEHIGH?STM8S_GPIO

?PR??L99PM62DRV_WDGTRIGGER?L99PM62DRV
   +-->?PR??ST_SPI_SEND_16?L99PM62DRV
   +-->?PR??L99PM62DRV_REPORTERROR?L99PM62DRV

?PR??L99PM62DRV_SETSTANDBYMODE?L99PM62DRV
   +-->?PR??ST_SPI_SEND_16?L99PM62DRV
   +-->?PR??L99PM62DRV_REPORTERROR?L99PM62DRV

?PR??L99PM62DRV_SETOUT1MODE?L99PM62DRV
   +-->?PR??ST_SPI_SEND_16?L99PM62DRV
   +-->?PR??L99PM62DRV_REPORTERROR?L99PM62DRV

?PR??L99PM62DRV_SETOUT2MODE?L99PM62DRV
   +-->?PR??ST_SPI_SEND_16?L99PM62DRV
   +-->?PR??L99PM62DRV_REPORTERROR?L99PM62DRV

?PR??L99PM62DRV_SETOUT3MODE?L99PM62DRV
   +-->?PR??ST_SPI_SEND_16?L99PM62DRV
   +-->?PR??L99PM62DRV_REPORTERROR?L99PM62DRV

?PR??L99PM62DRV_SETOUT4MODE?L99PM62DRV
   +-->?PR??ST_SPI_SEND_16?L99PM62DRV
   +-->CSTDLIB_CHARTOINT
   +-->?PR??L99PM62DRV_REPORTERROR?L99PM62DRV

?PR??L99PM62DRV_SETOUTHSMODE?L99PM62DRV
   +-->?PR??ST_SPI_SEND_16?L99PM62DRV
   +-->CSTDLIB_SLL168
   +-->CSTDLIB_CHARTOINT
   +-->?PR??L99PM62DRV_REPORTERROR?L99PM62DRV

?PR??L99PM62DRV_SETOUTHSAUTORECOVERY?L99PM62DRV
   +-->?PR??ST_SPI_SEND_16?L99PM62DRV
   +-->?PR??L99PM62DRV_REPORTERROR?L99PM62DRV

?PR??L99PM62DRV_SETRELAYOUTPUT?L99PM62DRV
   +-->?PR??ST_SPI_SEND_16?L99PM62DRV
   +-->?PR??L99PM62DRV_REPORTERROR?L99PM62DRV

?PR??L99PM62DRV_SETVOLTAGEREG2MODE?L99PM62DRV
   +-->?PR??ST_SPI_SEND_16?L99PM62DRV
   +-->CSTDLIB_CHARTOINT
   +-->?PR??L99PM62DRV_REPORTERROR?L99PM62DRV

?PR??L99PM62DRV_SETTIMER1?L99PM62DRV
   +-->?PR??ST_SPI_SEND_16?L99PM62DRV
   +-->CSTDLIB_CHARTOINT
   +-->?PR??L99PM62DRV_REPORTERROR?L99PM62DRV

?PR??L99PM62DRV_SETTIMER2?L99PM62DRV
   +-->?PR??ST_SPI_SEND_16?L99PM62DRV
   +-->CSTDLIB_CHARTOINT
   +-->?PR??L99PM62DRV_REPORTERROR?L99PM62DRV

?PR??L99PM62DRV_SETWUINPUTMODE?L99PM62DRV
   +-->?PR??ST_SPI_SEND_16?L99PM62DRV
   +-->?PR??L99PM62DRV_REPORTERROR?L99PM62DRV

?PR??L99PM62DRV_ENABLEWAKEUPSOURCE?L99PM62DRV
   +-->?PR??ST_SPI_SEND_16?L99PM62DRV
   +-->?PR??L99PM62DRV_REPORTERROR?L99PM62DRV

?PR??L99PM62DRV_SETRESETTHRESHOLDLEVEL?L99PM62DRV
   +-->?PR??ST_SPI_SEND_16?L99PM62DRV
   +-->?PR??L99PM62DRV_REPORTERROR?L99PM62DRV

?PR??L99PM62DRV_SETINPUTFILTERMODE?L99PM62DRV
   +-->?PR??ST_SPI_SEND_16?L99PM62DRV
   +-->CSTDLIB_CHARTOINT
   +-->?PR??L99PM62DRV_REPORTERROR?L99PM62DRV

?PR??L99PM62DRV_LINSETUP?L99PM62DRV
   +-->?PR??ST_SPI_SEND_16?L99PM62DRV
   +-->?PR??L99PM62DRV_REPORTERROR?L99PM62DRV

?PR??L99PM62DRV_SETVSLOCKOUTMODE?L99PM62DRV
   +-->?PR??ST_SPI_SEND_16?L99PM62DRV
   +-->?PR??L99PM62DRV_REPORTERROR?L99PM62DRV

?PR??L99PM62DRV_SETRELAYSHUTDOWNMODE?L99PM62DRV
   +-->?PR??ST_SPI_SEND_16?L99PM62DRV
   +-->?PR??L99PM62DRV_REPORTERROR?L99PM62DRV

?PR??L99PM62DRV_SETVREG1CURRENTMONITORMODE?L99PM62DRV
   +-->?PR??ST_SPI_SEND_16?L99PM62DRV
   +-->?PR??L99PM62DRV_REPORTERROR?L99PM62DRV

?PR??L99PM62DRV_SETPWMFREQU?L99PM62DRV
   +-->?PR??ST_SPI_SEND_16?L99PM62DRV
   +-->?PR??L99PM62DRV_REPORTERROR?L99PM62DRV

?PR??L99PM62DRV_SETPWMDUTYCYCLE?L99PM62DRV
   +-->?PR??ST_SPI_SEND_16?L99PM62DRV
   +-->?PR??L99PM62DRV_REPORTERROR?L99PM62DRV

?PR??L99PM62DRV_SETWDTIMING?L99PM62DRV
   +-->?PR??ST_SPI_SEND_16?L99PM62DRV
   +-->?PR??L99PM62DRV_REPORTERROR?L99PM62DRV

?PR??L99PM62DRV_SETCYCLICWAKEUP?L99PM62DRV
   +-->?PR??ST_SPI_SEND_16?L99PM62DRV
   +-->?PR??L99PM62DRV_REPORTERROR?L99PM62DRV

?PR??L99PM62DRV_ENABLEBUSWAKEUP?L99PM62DRV
   +-->?PR??ST_SPI_SEND_16?L99PM62DRV
   +-->?PR??L99PM62DRV_REPORTERROR?L99PM62DRV

?PR??L99PM62DRV_SETCANSTANDBYMODE?L99PM62DRV
   +-->?PR??ST_SPI_SEND_16?L99PM62DRV
   +-->?PR??L99PM62DRV_REPORTERROR?L99PM62DRV

?PR??L99PM62DRV_GETGLOBALSTATUSREGISTER?L99PM62DRV
   +-->?PR??L99PM62DRV_REPORTERROR?L99PM62DRV

?PR??L99PM62DRV_READSTATUS?L99PM62DRV
   +-->?PR??ST_SPI_SEND_16?L99PM62DRV
   +-->?PR??L99PM62DRV_REPORTERROR?L99PM62DRV

?PR??L99PM62DRV_READCLEARSTATUS?L99PM62DRV
   +-->?PR??ST_SPI_SEND_16?L99PM62DRV
   +-->?PR??L99PM62DRV_REPORTERROR?L99PM62DRV

?PR??L99PM62DRV_READCONTROL?L99PM62DRV
   +-->?PR??ST_SPI_SEND_16?L99PM62DRV
   +-->?PR??L99PM62DRV_REPORTERROR?L99PM62DRV

?PR??L99PM62DRV_GETCONTROL?L99PM62DRV
   +-->?PR??L99PM62DRV_REPORTERROR?L99PM62DRV

?PR??L99PM62DRV_WRITECONTROL?L99PM62DRV
   +-->?PR??ST_SPI_SEND_16?L99PM62DRV
   +-->?PR??L99PM62DRV_REPORTERROR?L99PM62DRV

?PR??L99PM62DRV_CLEARSTATUSREGISTERS?L99PM62DRV
   +-->?PR??ST_SPI_SEND_16?L99PM62DRV
   +-->?PR??L99PM62DRV_REPORTERROR?L99PM62DRV

?PR??ST_SPI_SEND_16?L99PM62DRV
   +-->?PR??SPI_RECEIVEDATA?STM8S_SPI
   +-->?PR??SPI_GETFLAGSTATUS?STM8S_SPI
   +-->?PR??SPI_SENDDATA?STM8S_SPI

?PR??L99PM62DRV_SETCANLOOPBACKMODE?L99PM62DRV
   +-->?PR??ST_SPI_SEND_16?L99PM62DRV

?PR??L99PM62DRV_SETCANPATTERNWAKEUP?L99PM62DRV
   +-->?PR??ST_SPI_SEND_16?L99PM62DRV

?PR??APPLI?APPLI
   +-->?PR??GPIO_WRITELOW?STM8S_GPIO
   +-->?PR??GPIO_WRITEHIGH?STM8S_GPIO
   +-->?PR??LIN_READDATA?LIN
   +-->?PR??DECREMENTSTATUS?APPLI
   +-->?PR??USERBUTTON2STATUS?APPLI
   +-->?PR??INCREMENTSTATUS?APPLI
   +-->?PR??USERBUTTON1STATUS?APPLI
   +-->?PR??LIN_WRITEDATA?LIN
   +-->?PR??LED_DISPLAY?APPLI
   +-->?PR??CLEARAPPLITIMEBASETICK?APPLI
   +-->?PR??TESTAPPLITIMEBASETICK?APPLI

?PR??INCREMENTSTATUS?APPLI
   +-->?PR??UPDATEBARSTATUS?APPLI

?PR??DECREMENTSTATUS?APPLI
   +-->?PR??UPDATEBARSTATUS?APPLI

?PR??UPDATEBARSTATUS?APPLI
   +-->?PR??LIN_WRITEDATA?LIN

?PR??LED_DISPLAY?APPLI
   +-->?PR??GPIO_WRITEHIGH?STM8S_GPIO
   +-->?PR??GPIO_WRITELOW?STM8S_GPIO

?PR??EXTI_PORTE_IRQHANDLER?STM8S_IT
   +-->?PR??GPIO_READINPUTPIN?STM8S_GPIO

?PR??UART3_RX_IRQHANDLER?STM8S_IT
   +-->?PR??UART3_BDIE?LIN

?PR??TIM4_UPD_OVF_IRQHANDLER?STM8S_IT
   +-->?PR??TIM4_CLEARITPENDINGBIT?STM8S_TIM4
   +-->?PR??WDGAUTODECREMENT?MAIN
   +-->?PR??TIMINGDELAY_DECREMENT?MAIN
   +-->?PR??SETAPPLITIMEBASETICK?APPLI
   +-->?PR??SETLINTIMEBASETICK?LIN


SYMBOL TABLE FOR DEBUG\STM8AF_LIN_MASTER.AOF(STM8S_ADC2)
---------------------------------------------------------

	VALUE              TYPE               NAME
	-----              ----               ----

	----------         TranslatorMod-ST7  STM8S_ADC2
	  C:00C86BH        PUBLIC             ?ADC2_ClearITPendingBit
	  C:00C7FCH        PUBLIC             ?ADC2_GetITStatus
	  C:00C866H        PUBLIC             ?ADC2_ClearFlag
	  C:00C7F4H        PUBLIC             ?ADC2_GetFlagStatus
	  C:00BC06H        PUBLIC             ?ADC2_GetConversionValue
	  C:00C861H        PUBLIC             ?ADC2_StartConversion
	  C:00BA14H        PUBLIC             ?ADC2_ExternalTriggerConfig
	  C:00A5BEH        PUBLIC             ?ADC2_ConversionConfig
	  C:009BFBH        PUBLIC             ?ADC2_SchmittTriggerConfig
	  C:00B892H        PUBLIC             ?ADC2_PrescalerConfig
	  C:00C24EH        PUBLIC             ?ADC2_ITConfig
	  C:00C22BH        PUBLIC             ?ADC2_Cmd
	  C:009080H        PUBLIC             ?ADC2_Init
	  C:00C664H        PUBLIC             ?ADC2_DeInit
	  C:00C86BH        SYMBOL             ?ADC2_ClearITPendingBit
	  C:00C7FCH        SYMBOL             ?ADC2_GetITStatus
	  C:00C866H        SYMBOL             ?ADC2_ClearFlag
	  C:00C7F4H        SYMBOL             ?ADC2_GetFlagStatus
	  C:00BC06H        SYMBOL             ?ADC2_GetConversionValue
	  C:00C861H        SYMBOL             ?ADC2_StartConversion
	  C:00BA14H        SYMBOL             ?ADC2_ExternalTriggerConfig
	  C:00A5BEH        SYMBOL             ?ADC2_ConversionConfig
	  C:009BFBH        SYMBOL             ?ADC2_SchmittTriggerConfig
	  C:00B892H        SYMBOL             ?ADC2_PrescalerConfig
	  C:00C24EH        SYMBOL             ?ADC2_ITConfig
	  C:00C22BH        SYMBOL             ?ADC2_Cmd
	  C:009080H        SYMBOL             ?ADC2_Init
	  C:00C664H        SYMBOL             ?ADC2_DeInit
	  T:000000H        SYMBOL             ADC2_Channel_TypeDef
	  T:000000H        SYMBOL             ADC2_ConvMode_TypeDef
	  T:000000H        SYMBOL             ADC2_SchmittTrigg_TypeDef
	  T:000000H        SYMBOL             ADC2_Align_TypeDef
	  T:000000H        SYMBOL             ADC2_ExtTrig_TypeDef
	  T:000000H        SYMBOL             ADC2_PresSel_TypeDef
	  T:000000H        SYMBOL             _fctptr_t
	  T:000000H        SYMBOL             UART3_IT_TypeDef
	  T:000000H        SYMBOL             UART3_Flag_TypeDef
	  T:000000H        SYMBOL             UART3_LinDivUp_TypeDef
	  T:000000H        SYMBOL             UART3_LinAutosync_TypeDef
	  T:000000H        SYMBOL             UART3_LinMode_TypeDef
	  T:000000H        SYMBOL             UART3_Mode_TypeDef
	  T:000000H        SYMBOL             UART3_WordLength_TypeDef
	  T:000000H        SYMBOL             UART3_Parity_TypeDef
	  T:000000H        SYMBOL             UART3_StopBits_TypeDef
	  T:000000H        SYMBOL             UART3_LINBreakDetectionLength_TypeDef
	  T:000000H        SYMBOL             UART3_WakeUp_TypeDef
	  T:000000H        SYMBOL             TIM4_IT_TypeDef
	  T:000000H        SYMBOL             TIM4_FLAG_TypeDef
	  T:000000H        SYMBOL             TIM4_EventSource_TypeDef
	  T:000000H        SYMBOL             TIM4_UpdateSource_TypeDef
	  T:000000H        SYMBOL             TIM4_PSCReloadMode_TypeDef
	  T:000000H        SYMBOL             TIM4_OPMode_TypeDef
	  T:000000H        SYMBOL             TIM4_Prescaler_TypeDef
	  T:000000H        SYMBOL             SPI_IT_TypeDef
	  T:000000H        SYMBOL             SPI_Flag_TypeDef
	  T:000000H        SYMBOL             SPI_CRC_TypeDef
	  T:000000H        SYMBOL             SPI_FirstBit_TypeDef
	  T:000000H        SYMBOL             SPI_ClockPhase_TypeDef
	  T:000000H        SYMBOL             SPI_ClockPolarity_TypeDef
	  T:000000H        SYMBOL             SPI_BaudRatePrescaler_TypeDef
	  T:000000H        SYMBOL             SPI_Mode_TypeDef
	  T:000000H        SYMBOL             SPI_Direction_TypeDef
	  T:000000H        SYMBOL             SPI_NSS_TypeDef
	  T:000000H        SYMBOL             SPI_DataDirection_TypeDef
	  T:000000H        SYMBOL             GPIO_Pin_TypeDef
	  T:000000H        SYMBOL             GPIO_Mode_TypeDef
	  T:000000H        SYMBOL             EXTI_Port_TypeDef
	  T:000000H        SYMBOL             EXTI_TLISensitivity_TypeDef
	  T:000000H        SYMBOL             EXTI_Sensitivity_TypeDef
	  T:000000H        SYMBOL             CLK_SWIMDivider_TypeDef
	  T:000000H        SYMBOL             CLK_Prescaler_TypeDef
	  T:000000H        SYMBOL             CLK_IT_TypeDef
	  T:000000H        SYMBOL             CLK_Flag_TypeDef
	  T:000000H        SYMBOL             CLK_Peripheral_TypeDef
	  T:000000H        SYMBOL             CLK_Output_TypeDef
	  T:000000H        SYMBOL             CLK_HSITrimValue_TypeDef
	  T:000000H        SYMBOL             CLK_Source_TypeDef
	  T:000000H        SYMBOL             CLK_CSSConfig_TypeDef
	  T:000000H        SYMBOL             CLK_CurrentClockState_TypeDef
	  T:000000H        SYMBOL             CLK_SwitchMode_TypeDef
	  T:000000H        SYMBOL             CFG_TypeDef
	  T:000000H        SYMBOL             CAN_TypeDef
	  T:000000H        SYMBOL             UART3_TypeDef
	  T:000000H        SYMBOL             UART2_TypeDef
	  T:000000H        SYMBOL             UART1_TypeDef
	  T:000000H        SYMBOL             SPI_TypeDef
	  T:000000H        SYMBOL             RST_TypeDef
	  T:000000H        SYMBOL             WWDG_TypeDef
	  T:000000H        SYMBOL             IWDG_TypeDef
	  T:000000H        SYMBOL             OPT_TypeDef
	  T:000000H        SYMBOL             FLASH_TypeDef
	  T:000000H        SYMBOL             EXTI_TypeDef
	  T:000000H        SYMBOL             ITC_TypeDef
	  T:000000H        SYMBOL             I2C_TypeDef
	  T:000000H        SYMBOL             TIM6_TypeDef
	  T:000000H        SYMBOL             TIM5_TypeDef
	  T:000000H        SYMBOL             TIM4_TypeDef
	  T:000000H        SYMBOL             TIM3_TypeDef
	  T:000000H        SYMBOL             TIM2_TypeDef
	  T:000000H        SYMBOL             TIM1_TypeDef
	  T:000000H        SYMBOL             CLK_TypeDef
	  T:000000H        SYMBOL             BEEP_TypeDef
	  T:000000H        SYMBOL             AWU_TypeDef
	  T:000000H        SYMBOL             ADC2_TypeDef
	  T:000000H        SYMBOL             GPIO_TypeDef
	  T:000000H        SYMBOL             ErrorStatus
	  T:000000H        SYMBOL             FunctionalState
	  T:000000H        SYMBOL             BitAction
	  T:000000H        SYMBOL             BitStatus
	  T:000000H        SYMBOL             ITStatus
	  T:000000H        SYMBOL             FlagStatus
	  T:000000H        SYMBOL             bool
	  T:000000H        SYMBOL             u8
	  T:000000H        SYMBOL             u16
	  T:000000H        SYMBOL             u32
	  T:000000H        SYMBOL             s8
	  T:000000H        SYMBOL             s16
	  T:000000H        SYMBOL             s32
	  T:000000H        SYMBOL             uint32_t
	  T:000000H        SYMBOL             uint16_t
	  T:000000H        SYMBOL             uint8_t
	  T:000000H        SYMBOL             int32_t
	  T:000000H        SYMBOL             int16_t
	  T:000000H        SYMBOL             int8_t
	  N:000FFEH        SYMBOL             _ICE_DUMMY_
	----------         PROC-ST7           ?PR??ADC2_DEINIT?STM8S_ADC2
	  C:00C664H        LINE#              48
	  C:00C664H        LINE#              50
	  C:00C668H        LINE#              51
	  C:00C66CH        LINE#              52
	  C:00C670H        LINE#              53
	  C:00C674H        LINE#              54
	  C:00C678H        LINE#              55
	----------         ENDPROC-ST7        
	----------         PROC-ST7           ?PR??ADC2_INIT?STM8S_ADC2
	  S:000001H        SYMBOL             ADC2_ConversionMode
	  S:000005H        SYMBOL             ADC2_Channel
	  S:000007H        SYMBOL             ADC2_PrescalerSelection
	  S:000009H        SYMBOL             ADC2_ExtTrigger
	  S:00000BH        SYMBOL             ADC2_ExtTriggerState
	  S:00000DH        SYMBOL             ADC2_Align
	  S:00000FH        SYMBOL             ADC2_SchmittTriggerChannel
	  S:000011H        SYMBOL             ADC2_SchmittTriggerState
	  C:009080H        LINE#              77
	  C:009081H        LINE#              81
	  C:009093H        LINE#              82
	  C:0090EEH        LINE#              83
	  C:009121H        LINE#              84
	  C:009134H        LINE#              85
	  C:009147H        LINE#              86
	  C:00915CH        LINE#              87
	  C:0091BEH        LINE#              88
	  C:0091D1H        LINE#              93
	  C:0091DEH        LINE#              95
	  C:0091E3H        LINE#              100
	  C:0091ECH        LINE#              105
	  C:0091F5H        LINE#              108
	  C:0091F9H        LINE#              110
	----------         ENDPROC-ST7        
	----------         PROC-ST7           ?PR??ADC2_CMD?STM8S_ADC2
	  S:000001H        SYMBOL             NewState
	  C:00C22BH        LINE#              118
	  C:00C22CH        LINE#              122
	  C:00C23EH        LINE#              124
	  C:00C242H        LINE#              126
	  C:00C248H        LINE#              130
	  C:00C24CH        LINE#              133
	----------         ENDPROC-ST7        
	----------         PROC-ST7           ?PR??ADC2_ITCONFIG?STM8S_ADC2
	  S:000001H        SYMBOL             NewState
	  C:00C24EH        LINE#              140
	  C:00C24FH        LINE#              144
	  C:00C261H        LINE#              146
	  C:00C265H        LINE#              149
	  C:00C26BH        LINE#              154
	  C:00C26FH        LINE#              157
	----------         ENDPROC-ST7        
	----------         PROC-ST7           ?PR??ADC2_PRESCALERCONFIG?STM8S_ADC2
	  S:000001H        SYMBOL             ADC2_Prescaler
	  C:00B892H        LINE#              165
	  C:00B893H        LINE#              169
	  C:00B8D1H        LINE#              172
	  C:00B8D9H        LINE#              174
	  C:00B8E1H        LINE#              176
	----------         ENDPROC-ST7        
	----------         PROC-ST7           ?PR??ADC2_SCHMITTTRIGGERCONFIG?STM8S_ADC2
	  S:000007H        SYMBOL             ADC2_SchmittTriggerChannel
	  S:00000BH        SYMBOL             NewState
	  C:009BFBH        LINE#              187
	  C:009BFEH        LINE#              191
	  C:009C60H        LINE#              192
	  C:009C73H        LINE#              194
	  C:009C7AH        LINE#              196
	  C:009C7EH        LINE#              198
	  C:009C85H        LINE#              199
	  C:009C8CH        LINE#              203
	  C:009C94H        LINE#              204
	  C:009C9EH        LINE#              207
	  C:009CA5H        LINE#              209
	  C:009CA9H        LINE#              211
	  C:009CBAH        LINE#              215
	  C:009CCAH        LINE#              220
	  C:009CCEH        LINE#              222
	  C:009CE1H        LINE#              226
	  C:009CF1H        LINE#              230
	----------         ENDPROC-ST7        
	----------         PROC-ST7           ?PR??ADC2_CONVERSIONCONFIG?STM8S_ADC2
	  S:000001H        SYMBOL             ADC2_ConversionMode
	  S:000005H        SYMBOL             ADC2_Channel
	  S:000007H        SYMBOL             ADC2_Align
	  C:00A5BEH        LINE#              242
	  C:00A5BFH        LINE#              246
	  C:00A5D1H        LINE#              247
	  C:00A62CH        LINE#              248
	  C:00A641H        LINE#              251
	  C:00A645H        LINE#              253
	  C:00A64DH        LINE#              255
	  C:00A653H        LINE#              258
	  C:00A659H        LINE#              263
	  C:00A65DH        LINE#              267
	  C:00A665H        LINE#              269
	  C:00A66DH        LINE#              271
	----------         ENDPROC-ST7        
	----------         PROC-ST7           ?PR??ADC2_EXTERNALTRIGGERCONFIG?STM8S_ADC2
	  S:000001H        SYMBOL             ADC2_ExtTrigger
	  S:000005H        SYMBOL             NewState
	  C:00BA14H        LINE#              284
	  C:00BA15H        LINE#              288
	  C:00BA29H        LINE#              289
	  C:00BA3EH        LINE#              292
	  C:00BA46H        LINE#              294
	  C:00BA4AH        LINE#              297
	  C:00BA50H        LINE#              302
	  C:00BA54H        LINE#              306
	  C:00BA5CH        LINE#              308
	----------         ENDPROC-ST7        
	----------         PROC-ST7           ?PR??ADC2_STARTCONVERSION?STM8S_ADC2
	  C:00C861H        LINE#              320
	  C:00C861H        LINE#              322
	  C:00C865H        LINE#              323
	----------         ENDPROC-ST7        
	----------         PROC-ST7           ?PR??ADC2_GETCONVERSIONVALUE?STM8S_ADC2
	  S:000001H        SYMBOL             temph
	  S:000003H        SYMBOL             templ
	  C:00BC06H        LINE#              332
	  C:00BC08H        LINE#              338
	  C:00BC0DH        LINE#              341
	  C:00BC12H        LINE#              343
	  C:00BC19H        LINE#              345
	  C:00BC25H        LINE#              350
	  C:00BC2CH        LINE#              352
	  C:00BC31H        LINE#              354
	  C:00BC46H        LINE#              359
	----------         ENDPROC-ST7        
	----------         PROC-ST7           ?PR??ADC2_GETFLAGSTATUS?STM8S_ADC2
	  C:00C7F4H        LINE#              366
	  C:00C7F4H        LINE#              369
	  C:00C7FBH        LINE#              371
	----------         ENDPROC-ST7        
	----------         PROC-ST7           ?PR??ADC2_CLEARFLAG?STM8S_ADC2
	  C:00C866H        LINE#              378
	  C:00C866H        LINE#              380
	  C:00C86AH        LINE#              381
	----------         ENDPROC-ST7        
	----------         PROC-ST7           ?PR??ADC2_GETITSTATUS?STM8S_ADC2
	  C:00C7FCH        LINE#              389
	  C:00C7FCH        LINE#              391
	  C:00C803H        LINE#              392
	----------         ENDPROC-ST7        
	----------         PROC-ST7           ?PR??ADC2_CLEARITPENDINGBIT?STM8S_ADC2
	  C:00C86BH        LINE#              399
	  C:00C86BH        LINE#              401
	  C:00C86FH        LINE#              402
	----------         ENDPROC-ST7        
	----------         EndModule-ST7      
	----------         TranslatorMod-ST7  STM8S_UART3
	  C:00BC49H        PUBLIC             ?UART3_ClearITPendingBit
	  C:009DE1H        PUBLIC             ?UART3_GetITStatus
	  C:00B799H        PUBLIC             ?UART3_ClearFlag
	  C:00A147H        PUBLIC             ?UART3_GetFlagStatus
	  C:00C14EH        PUBLIC             ?UART3_SetAddress
	  C:00C870H        PUBLIC             ?UART3_SendBreak
	  C:00C64DH        PUBLIC             ?UART3_SendData9
	  C:00C8A6H        PUBLIC             ?UART3_SendData8
	  C:00C5D2H        PUBLIC             ?UART3_ReceiveData9
	  C:00C8A2H        PUBLIC             ?UART3_ReceiveData8
	  C:00C104H        PUBLIC             ?UART3_WakeUpConfig
	  C:00C129H        PUBLIC             ?UART3_ReceiverWakeUpCmd
	  C:00C0DFH        PUBLIC             ?UART3_LINCmd
	  C:00B2DCH        PUBLIC             ?UART3_LINConfig
	  C:00C294H        PUBLIC             ?UART3_LINBreakDetectionConfig
	  C:009ECBH        PUBLIC             ?UART3_ITConfig
	  C:00C7A1H        PUBLIC             ?UART3_Cmd
	  C:0091FBH        PUBLIC             ?UART3_Init
	  C:00C271H        PUBLIC             ?UART3_DeInit
	  C:00BC49H        SYMBOL             ?UART3_ClearITPendingBit
	  C:009DE1H        SYMBOL             ?UART3_GetITStatus
	  C:00B799H        SYMBOL             ?UART3_ClearFlag
	  C:00A147H        SYMBOL             ?UART3_GetFlagStatus
	  C:00C14EH        SYMBOL             ?UART3_SetAddress
	  C:00C870H        SYMBOL             ?UART3_SendBreak
	  C:00C64DH        SYMBOL             ?UART3_SendData9
	  C:00C8A6H        SYMBOL             ?UART3_SendData8
	  C:00C5D2H        SYMBOL             ?UART3_ReceiveData9
	  C:00C8A2H        SYMBOL             ?UART3_ReceiveData8
	  C:00C104H        SYMBOL             ?UART3_WakeUpConfig
	  C:00C129H        SYMBOL             ?UART3_ReceiverWakeUpCmd
	  C:00C0DFH        SYMBOL             ?UART3_LINCmd
	  C:00B2DCH        SYMBOL             ?UART3_LINConfig
	  C:00C294H        SYMBOL             ?UART3_LINBreakDetectionConfig
	  C:009ECBH        SYMBOL             ?UART3_ITConfig
	  C:00C7A1H        SYMBOL             ?UART3_Cmd
	  C:0091FBH        SYMBOL             ?UART3_Init
	  C:00C271H        SYMBOL             ?UART3_DeInit
[...]
	  T:000000H        SYMBOL             TIM1_TypeDef
	  T:000000H        SYMBOL             CLK_TypeDef
	  T:000000H        SYMBOL             BEEP_TypeDef
	  T:000000H        SYMBOL             AWU_TypeDef
	  T:000000H        SYMBOL             ADC2_TypeDef
	  T:000000H        SYMBOL             GPIO_TypeDef
	  T:000000H        SYMBOL             ErrorStatus
	  T:000000H        SYMBOL             FunctionalState
	  T:000000H        SYMBOL             BitAction
	  T:000000H        SYMBOL             BitStatus
	  T:000000H        SYMBOL             ITStatus
	  T:000000H        SYMBOL             FlagStatus
	  T:000000H        SYMBOL             bool
	  T:000000H        SYMBOL             u8
	  T:000000H        SYMBOL             u16
	  T:000000H        SYMBOL             u32
	  T:000000H        SYMBOL             s8
	  T:000000H        SYMBOL             s16
	  T:000000H        SYMBOL             s32
	  T:000000H        SYMBOL             uint32_t
	  T:000000H        SYMBOL             uint16_t
	  T:000000H        SYMBOL             uint8_t
	  T:000000H        SYMBOL             int32_t
	  T:000000H        SYMBOL             int16_t
	  T:000000H        SYMBOL             int8_t
	  N:000FFEH        SYMBOL             _ICE_DUMMY_
	----------         PROC-ST7           ?PR??TRAP_IRQHANDLER?STM8S_IT
	  C:0080F9H        LINE#              88
	  C:0080F9H        LINE#              93
	----------         ENDPROC-ST7        
	----------         PROC-ST7           ?PR??TLI_IRQHANDLER?STM8S_IT
	  C:00C8D3H        LINE#              99
	  C:00C8D3H        LINE#              104
	----------         ENDPROC-ST7        
	----------         PROC-ST7           ?PR??AWU_IRQHANDLER?STM8S_IT
	  C:00C8D4H        LINE#              111
	  C:00C8D4H        LINE#              116
	----------         ENDPROC-ST7        
	----------         PROC-ST7           ?PR??CLK_IRQHANDLER?STM8S_IT
	  C:00C8D5H        LINE#              123
	  C:00C8D5H        LINE#              128
	----------         ENDPROC-ST7        
	----------         PROC-ST7           ?PR??EXTI_PORTA_IRQHANDLER?STM8S_IT
	  C:00C8D6H        LINE#              135
	  C:00C8D6H        LINE#              140
	----------         ENDPROC-ST7        
	----------         PROC-ST7           ?PR??EXTI_PORTB_IRQHANDLER?STM8S_IT
	  C:00C8D7H        LINE#              147
	  C:00C8D7H        LINE#              152
	----------         ENDPROC-ST7        
	----------         PROC-ST7           ?PR??EXTI_PORTC_IRQHANDLER?STM8S_IT
	  C:00C8D8H        LINE#              159
	  C:00C8D8H        LINE#              164
	----------         ENDPROC-ST7        
	----------         PROC-ST7           ?PR??EXTI_PORTD_IRQHANDLER?STM8S_IT
	  C:00C8D9H        LINE#              171
	  C:00C8D9H        LINE#              176
	----------         ENDPROC-ST7        
	----------         PROC-ST7           ?PR??EXTI_PORTE_IRQHANDLER?STM8S_IT
	  C:00BE47H        LINE#              183
	  C:00BE53H        LINE#              186
	  C:00BE67H        LINE#              187
	  C:00BE7BH        LINE#              189
	----------         ENDPROC-ST7        
	----------         PROC-ST7           ?PR??CAN_RX_IRQHANDLER?STM8S_IT
	  C:00C8DAH        LINE#              210
	  C:00C8DAH        LINE#              215
	----------         ENDPROC-ST7        
	----------         PROC-ST7           ?PR??CAN_TX_IRQHANDLER?STM8S_IT
	  C:00C8DBH        LINE#              222
	  C:00C8DBH        LINE#              227
	----------         ENDPROC-ST7        
	----------         PROC-ST7           ?PR??SPI_IRQHANDLER?STM8S_IT
	  C:00C8DCH        LINE#              235
	  C:00C8DCH        LINE#              240
	----------         ENDPROC-ST7        
	----------         PROC-ST7           ?PR??TIM1_UPD_OVF_TRG_BRK_IRQHANDLER?STM8S_IT
	  C:00C8DDH        LINE#              247
	  C:00C8DDH        LINE#              252
	----------         ENDPROC-ST7        
	----------         PROC-ST7           ?PR??TIM1_CAP_COM_IRQHANDLER?STM8S_IT
	  C:00C8DEH        LINE#              259
	  C:00C8DEH        LINE#              264
	----------         ENDPROC-ST7        
	----------         PROC-ST7           ?PR??TIM2_UPD_OVF_BRK_IRQHANDLER?STM8S_IT
	  C:00C8DFH        LINE#              296
	  C:00C8DFH        LINE#              301
	----------         ENDPROC-ST7        
	----------         PROC-ST7           ?PR??TIM2_CAP_COM_IRQHANDLER?STM8S_IT
	  C:00C8E0H        LINE#              308
	  C:00C8E0H        LINE#              313
	----------         ENDPROC-ST7        
	----------         PROC-ST7           ?PR??TIM3_UPD_OVF_BRK_IRQHANDLER?STM8S_IT
	  C:00C8E1H        LINE#              323
	  C:00C8E1H        LINE#              328
	----------         ENDPROC-ST7        
	----------         PROC-ST7           ?PR??TIM3_CAP_COM_IRQHANDLER?STM8S_IT
	  C:00C8E2H        LINE#              335
	  C:00C8E2H        LINE#              340
	----------         ENDPROC-ST7        
	----------         PROC-ST7           ?PR??UART1_TX_IRQHANDLER?STM8S_IT
	  C:00C8E3H        LINE#              350
	  C:00C8E3H        LINE#              355
	----------         ENDPROC-ST7        
	----------         PROC-ST7           ?PR??UART1_RX_IRQHANDLER?STM8S_IT
	  C:00C8E4H        LINE#              362
	  C:00C8E4H        LINE#              367
	----------         ENDPROC-ST7        
	----------         PROC-ST7           ?PR??I2C_IRQHANDLER?STM8S_IT
	  C:00C8E5H        LINE#              375
	  C:00C8E5H        LINE#              380
	----------         ENDPROC-ST7        
	----------         PROC-ST7           ?PR??UART3_TX_IRQHANDLER?STM8S_IT
	  C:00C8E6H        LINE#              414
	  C:00C8E6H        LINE#              419
	----------         ENDPROC-ST7        
	----------         PROC-ST7           ?PR??UART3_RX_IRQHANDLER?STM8S_IT
	  C:00B840H        LINE#              426
	  C:00B84CH        LINE#              431
	  C:00B851H        LINE#              432
	  C:00B856H        LINE#              437
	  C:00B85BH        LINE#              439
	  C:00B85FH        LINE#              440
	  C:00B865H        LINE#              445
	  C:00B86AH        LINE#              447
	  C:00B86EH        LINE#              448
	  C:00B872H        LINE#              449
	  C:00B875H        LINE#              453
	  C:00B87AH        LINE#              455
	  C:00B87EH        LINE#              456
	  C:00B882H        LINE#              460
	  C:00B887H        LINE#              462
	  C:00B88BH        LINE#              467
	----------         ENDPROC-ST7        
	----------         PROC-ST7           ?PR??ADC2_IRQHANDLER?STM8S_IT
	  C:00C8E7H        LINE#              476
	  C:00C8E7H        LINE#              481
	----------         ENDPROC-ST7        
	----------         PROC-ST7           ?PR??TIM4_UPD_OVF_IRQHANDLER?STM8S_IT
	  C:00BD50H        LINE#              515
	  C:00BD5CH        LINE#              520
	  C:00BD5FH        LINE#              522
	  C:00BD66H        LINE#              524
	  C:00BD6AH        LINE#              525
	  C:00BD6FH        LINE#              529
	  C:00BD73H        LINE#              532
	  C:00BD7EH        LINE#              534
	  C:00BD81H        LINE#              535
	  C:00BD84H        LINE#              538
	  C:00BD89H        LINE#              541
	----------         ENDPROC-ST7        
	----------         PROC-ST7           ?PR??EEPROM_EEC_IRQHANDLER?STM8S_IT
	  C:00C8E8H        LINE#              549
	  C:00C8E8H        LINE#              554
	----------         ENDPROC-ST7        
	----------         EndModule-ST7      
	----------         TranslatorMod-ST7  CHARTOINT
	  C:0084D1H        PUBLIC             ?C?chartoint
	----------         PROC-ST7           
	----------         ENDPROC-ST7        
	----------         EndModule-ST7      
	----------         TranslatorMod-ST7  CHARTOL
	  C:008427H        PUBLIC             ?C?uchartol
	  C:00841FH        PUBLIC             ?C?chartol
	----------         PROC-ST7           
	----------         ENDPROC-ST7        
	----------         EndModule-ST7      
	----------         TranslatorMod-ST7  INTTOL
	  C:0084ABH        PUBLIC             ?C?inttol
	----------         PROC-ST7           
	----------         ENDPROC-ST7        
	----------         EndModule-ST7      
	----------         TranslatorMod-ST7  ACCIX328
	  C:008396H        PUBLIC             ?C?accix328
	----------         PROC-ST7           
	----------         ENDPROC-ST7        
	----------         EndModule-ST7      
	----------         TranslatorMod-ST7  AND3232
	  C:0083F3H        PUBLIC             ?C?and3232
	----------         PROC-ST7           
	----------         ENDPROC-ST7        
	----------         EndModule-ST7      
	----------         TranslatorMod-ST7  DIVU3232
	  C:0080FAH        PUBLIC             ?C?modu3232
	  C:008105H        PUBLIC             _?divu3216?
	  C:0080FEH        PUBLIC             ?C?divu3232
	----------         PROC-ST7           
	----------         ENDPROC-ST7        
	----------         EndModule-ST7      
	----------         TranslatorMod-ST7  MULUIX32
	  C:008431H        PUBLIC             ?C?muluix32
	----------         PROC-ST7           
	----------         ENDPROC-ST7        
	----------         EndModule-ST7      
	----------         TranslatorMod-ST7  IX32
	  C:008437H        PUBLIC             _?lix_entry?
	----------         PROC-ST7           
	----------         ENDPROC-ST7        
	----------         EndModule-ST7      
	----------         TranslatorMod-ST7  MULU3232
	  C:00806CH        PUBLIC             ?C?mulu3232
	----------         PROC-ST7           
	----------         ENDPROC-ST7        
	----------         EndModule-ST7      
	----------         TranslatorMod-ST7  MV4_BC2ISA
	  C:0083AEH        PUBLIC             ?C?mv4_bc2isa
	----------         PROC-ST7           
	----------         ENDPROC-ST7        
	----------         EndModule-ST7      
	----------         TranslatorMod-ST7  MV4_BC2IX
	  C:008479H        PUBLIC             ?C?mv4_bc2ix
	----------         PROC-ST7           
	----------         ENDPROC-ST7        
	----------         EndModule-ST7      
	----------         TranslatorMod-ST7  MV4_BC2SK
	  C:008455H        PUBLIC             ?C?mv4_bc2sk
	----------         PROC-ST7           
	----------         ENDPROC-ST7        
	----------         EndModule-ST7      
	----------         TranslatorMod-ST7  MV4_ISA2BC
	  C:0083C5H        PUBLIC             ?C?mv4_isa2bc
	----------         PROC-ST7           
	----------         ENDPROC-ST7        
	----------         EndModule-ST7      
	----------         TranslatorMod-ST7  MV4_IX2BC
	  C:008486H        PUBLIC             ?C?mv4_ix2bc
	----------         PROC-ST7           
	----------         ENDPROC-ST7        
	----------         EndModule-ST7      
	----------         TranslatorMod-ST7  MV4_NULL2BC
	  C:0084BFH        PUBLIC             ?C?mv4_null2bc
	----------         PROC-ST7           
	----------         ENDPROC-ST7        
	----------         EndModule-ST7      
	----------         TranslatorMod-ST7  MV4_PG2BC
	  C:008443H        PUBLIC             ?C?mv4_pg2bc
	----------         PROC-ST7           
	----------         ENDPROC-ST7        
	----------         EndModule-ST7      
	----------         TranslatorMod-ST7  MV4_PG2SK1
	  C:0084C8H        PUBLIC             ?C?mv4_pg2sk1
	----------         PROC-ST7           
	----------         ENDPROC-ST7        
	----------         EndModule-ST7      
	----------         TranslatorMod-ST7  OR3232
	  C:008409H        PUBLIC             ?C?or3232
	----------         PROC-ST7           
	----------         ENDPROC-ST7        
	----------         EndModule-ST7      
	----------         TranslatorMod-ST7  SLL168
	  C:008468H        PUBLIC             ?C?sll168
	----------         PROC-ST7           
	----------         ENDPROC-ST7        
	----------         EndModule-ST7      
	----------         TranslatorMod-ST7  SLL328
	  C:008362H        PUBLIC             ?C?sll328
	----------         PROC-ST7           
	----------         ENDPROC-ST7        
	----------         EndModule-ST7      
	----------         TranslatorMod-ST7  SUB3232
	  C:0083DCH        PUBLIC             ?C?sub3232
	----------         PROC-ST7           
	----------         ENDPROC-ST7        
	----------         EndModule-ST7      
	----------         TranslatorMod-ST7  SRL328
	  C:00837CH        PUBLIC             ?C?srl328
	----------         PROC-ST7           
	----------         ENDPROC-ST7        
	----------         EndModule-ST7      
	----------         TranslatorMod-ST7  CPU3232IX
	  C:00849FH        PUBLIC             ?C?cpu3232ix
	----------         PROC-ST7           
	----------         ENDPROC-ST7        
	----------         EndModule-ST7      
	----------         TranslatorMod-ST7  REGISTERS
	  D:000000H        PUBLIC             ?BH
	  D:000002H        PUBLIC             ?CH
	  D:000001H        PUBLIC             ?BL
	  D:000003H        PUBLIC             ?CL
	----------         EndModule-ST7      
	----------         TranslatorMod-ST7  STARTUP_V_Z
	  C:00832FH        PUBLIC             CST7_START_V_Z
	----------         PROC-ST7           
	----------         ENDPROC-ST7        
	----------         PROC-ST7           
	----------         ENDPROC-ST7        
	----------         PROC-ST7           
	----------         ENDPROC-ST7        
	----------         PROC-ST7           
	----------         ENDPROC-ST7        
	----------         EndModule-ST7      
	----------         TranslatorMod-ST7  MULUDIVU3232
	  C:0084B5H        PUBLIC             ?C?muludivu3232
	----------         PROC-ST7           
	----------         ENDPROC-ST7        
	----------         EndModule-ST7      
	----------         TranslatorMod-ST7  ?STATINIT
	  C:00C81CH        PUBLIC             ?C_INITSEGSTART
	----------         PROC-ST7           
	----------         ENDPROC-ST7        
	----------         EndModule-ST7      

================================================================================
PROJECT CALL TREE FOR DEBUG\STM8AF_LIN_MASTER.AOF(STM8S_ADC2)
--------------------------------------------------------------------------------
 *** means CALL
 ... means JMP
  KC means 'Known local stack consumption'.
  TO means 'Total stack consumption from the entry point'.
 Remarks:
     1. Values are in HEXADECIMAL format.
     2. SP can be modified by temporary 'PUSH-POP' sequences.
     3. SP is computed starting from its 'original value' for interrupt/trap..
 Displayed stack consumption may be under estimated.
 The real value depends on interrupt priorities. It can be checked
 using the dynamic analysis in the simulator environment.
--------------------------------------------------------------------------------
Initial SP: 17FF
--------------------------------------------------------------------------------
?TRAP_IRQHandler..........................................SP=17F8 KC=000 TO=0007
--------------------------------------------------------------------------------
?AWU_IRQHandler...........................................SP=17F8 KC=000 TO=0007
--------------------------------------------------------------------------------
?CLK_IRQHandler...........................................SP=17F8 KC=000 TO=0007
--------------------------------------------------------------------------------
?EXTI_PORTA_IRQHandler....................................SP=17F8 KC=000 TO=0007
--------------------------------------------------------------------------------
?EXTI_PORTB_IRQHandler....................................SP=17F8 KC=000 TO=0007
--------------------------------------------------------------------------------
?EXTI_PORTC_IRQHandler....................................SP=17F8 KC=000 TO=0007
--------------------------------------------------------------------------------
?EXTI_PORTD_IRQHandler....................................SP=17F8 KC=000 TO=0007
--------------------------------------------------------------------------------
?EXTI_PORTE_IRQHandler....................................SP=17F8 KC=000 TO=0007
    |***?GPIO_ReadInputPin [STM8S_GPIO]...................SP=17F4 KC=004 TO=000B
--------------------------------------------------------------------------------
?CAN_RX_IRQHandler........................................SP=17F8 KC=000 TO=0007
--------------------------------------------------------------------------------
?CAN_TX_IRQHandler........................................SP=17F8 KC=000 TO=0007
--------------------------------------------------------------------------------
?SPI_IRQHandler...........................................SP=17F8 KC=000 TO=0007
--------------------------------------------------------------------------------
?TIM1_UPD_OVF_TRG_BRK_IRQHandler..........................SP=17F8 KC=000 TO=0007
--------------------------------------------------------------------------------
?TIM1_CAP_COM_IRQHandler..................................SP=17F8 KC=000 TO=0007
--------------------------------------------------------------------------------
?TIM2_UPD_OVF_BRK_IRQHandler..............................SP=17F8 KC=000 TO=0007
--------------------------------------------------------------------------------
?TIM2_CAP_COM_IRQHandler..................................SP=17F8 KC=000 TO=0007
--------------------------------------------------------------------------------
?TIM3_UPD_OVF_BRK_IRQHandler..............................SP=17F8 KC=000 TO=0007
--------------------------------------------------------------------------------
?TIM3_CAP_COM_IRQHandler..................................SP=17F8 KC=000 TO=0007
--------------------------------------------------------------------------------
?UART1_TX_IRQHandler......................................SP=17F8 KC=000 TO=0007
--------------------------------------------------------------------------------
?UART1_RX_IRQHandler......................................SP=17F8 KC=000 TO=0007
--------------------------------------------------------------------------------
?I2C_IRQHandler...........................................SP=17F8 KC=000 TO=0007
--------------------------------------------------------------------------------
?UART3_TX_IRQHandler......................................SP=17F8 KC=000 TO=0007
--------------------------------------------------------------------------------
?UART3_RX_IRQHandler......................................SP=17F8 KC=000 TO=0007
    |***?UART3_BDIE [LIN].................................SP=17F6 KC=000 TO=0009
    |   |***?UART3_ITConfig [STM8S_UART3].................SP=17F0 KC=006 TO=000F
    |   |   |***[STM8S_UART3].............................SP=17EE + ??? (unknown)
--------------------------------------------------------------------------------
?ADC2_IRQHandler..........................................SP=17F8 KC=000 TO=0007
--------------------------------------------------------------------------------
?TIM4_UPD_OVF_IRQHandler..................................SP=17F8 KC=000 TO=0007
    |***?SetLINTimebaseTick [LIN].........................SP=17F6 KC=000 TO=0009
--------------------------------------------------------------------------------
?EEPROM_EEC_IRQHandler....................................SP=17F8 KC=000 TO=0007
================================================================================

MAX STACK LEVEL : 4
-------------------


----------------------
SUGGESTED OPTIMIZATION
----------------------
Warning: 251 (FBH) data bytes in the range [00H-FFH] are available for storage.
         Consider using some of these for 'page0' variables in your source files.


LINK/LOCATE RUN COMPLETE,  NO ERROR FOUND.